no merge conflict:
o9 2 o2 o3
o3 6 o2 o4 o9 o11 o13 o15
o5 2 o4 o13
o2 6 o1 o3 o7 o9 o11 o15
o15 3 o1 o2 o3
o7 1 o2
o11 3 o2 o3 o4
o1 2 o2 o15
o13 3 o3 o4 o5
o4 4 o3 o5 o11 o13
FIN

no absorption conflict:
o9 1 o8
o5 1 o13
o1 1 o15
o3 1 o9
o15 1 o14
o7 1 o6
o13 1 o12
o11 1 o10
o16 1 o14
o4 1 o11
o2 1 o7
FIN

distance:
o9 o10 5.949800
o9 o6 2.412707
o9 o15 8.513262
o9 o14 29.623000
o9 o12 13.149800
o9 o11 2.268000
o9 o13 5.386000
o8 o10 5.414000
o8 o12 12.614000
o8 o14 37.815000
o10 o12 5.414000
o3 o10 15.265000
o3 o8 8.065000
o3 o6 2.427354
o3 o15 0.439000
o3 o14 29.665000
o3 o7 2.273359
o3 o13 0.440000
o3 o11 0.156000
o3 o16 32.839713
o3 o2 0.198000
o3 o12 22.465000
o5 o9 5.386000
o5 o8 9.231955
o5 o10 14.871954
o5 o3 0.482000
o5 o6 8.623725
o5 o4 0.198000
o5 o15 1.006000
o5 o14 30.232000
o5 o7 8.534679
o5 o11 2.268000
o5 o16 36.232133
o5 o2 0.765000
o5 o12 21.898000
o2 o9 0.156000
o2 o8 8.348000
o2 o10 15.548000
o2 o6 0.582000
o2 o15 0.156000
o2 o14 29.382000
o2 o12 22.748000
o2 o13 0.723000
o2 o11 0.439000
o2 o16 31.475755
o15 o10 16.682371
o15 o6 11.622000
o15 o12 23.100507
o15 o8 12.086726
o14 o10 45.015000
o14 o12 52.215000
o7 o9 2.270863
o7 o8 8.306000
o7 o10 15.506000
o7 o15 11.622000
o7 o14 27.550500
o7 o12 22.706000
o7 o13 8.531224
o7 o11 5.400612
o7 o16 29.740354
o11 o8 2.268000
o11 o15 5.428756
o11 o6 5.498384
o11 o14 29.906000
o11 o12 5.949800
o11 o13 2.268000
o1 o9 8.515375
o1 o8 12.117320
o1 o10 16.723074
o1 o3 0.482000
o1 o5 1.049000
o1 o6 11.625820
o1 o14 29.098000
o1 o7 11.622000
o1 o13 2.480592
o1 o11 5.434310
o1 o16 37.058246
o1 o4 0.766000
o1 o2 0.199000
o1 o12 23.143300
o16 o9 32.801092
o16 o8 38.350800
o16 o10 45.550800
o16 o6 27.550800
o16 o15 22.252000
o16 o12 52.750800
o16 o13 36.196474
o16 o11 34.397899
o13 o14 30.190000
o13 o10 2.268000
o13 o6 8.616851
o13 o15 2.463450
o13 o8 5.386000
o4 o9 2.268000
o4 o8 8.104800
o4 o10 14.981000
o4 o3 0.199000
o4 o6 5.507195
o4 o15 0.723000
o4 o14 29.949000
o4 o7 5.403943
o4 o13 0.156000
o4 o16 34.435959
o4 o2 0.482000
o4 o12 22.181000
o6 o14 27.015000
o6 o10 16.215000
o6 o8 9.015000
o6 o12 23.415000
FIN
