96 96 0.721000
o1 14 (49,51, 0.105409) (48,52, 0.012483) (46,51, 0.105409) (45,51, 0.019006) (49,52, 0.012483) (50,52, 0.012483) (47,52, 0.012483) (50,51, 0.105409) (47,51, 0.105409) (46,52, 0.012483) (45,52, 0.002251) (51,52, 0.004051) (48,51, 0.105409) (51,51, 0.034210)
o2 24 (49,51, 0.117892) (51,51, 0.038262) (46,51, 0.117892) (40,51, 0.117892) (33,51, 0.117892) (35,51, 0.117892) (30,51, 0.117892) (48,51, 0.117892) (43,51, 0.117892) (38,51, 0.117892) (32,51, 0.117892) (42,51, 0.117892) (37,51, 0.117892) (50,51, 0.117892) (45,51, 0.117892) (47,51, 0.117892) (34,51, 0.117892) (36,51, 0.117892) (29,51, 0.117892) (31,51, 0.117892) (44,51, 0.117892) (39,51, 0.117892) (41,51, 0.117892) (28,51, 0.056411)
o3 20 (38,51, 0.117892) (49,51, 0.117892) (34,51, 0.117892) (51,51, 0.038262) (36,51, 0.117892) (46,51, 0.117892) (32,51, 0.018150) (42,51, 0.117892) (44,51, 0.117892) (37,51, 0.117892) (39,51, 0.117892) (40,51, 0.117892) (33,51, 0.117892) (50,51, 0.117892) (35,51, 0.117892) (45,51, 0.117892) (47,51, 0.117892) (48,51, 0.117892) (41,51, 0.117892) (43,51, 0.117892)
o4 15 (49,50, 0.117892) (51,50, 0.038262) (38,50, 0.117892) (46,50, 0.117892) (37,50, 0.097780) (39,50, 0.117892) (42,50, 0.117892) (44,50, 0.117892) (45,50, 0.117892) (40,50, 0.117892) (47,50, 0.117892) (50,50, 0.117892) (41,50, 0.117892) (43,50, 0.117892) (48,50, 0.117892)
o5 11 (49,50, 0.117892) (51,50, 0.038262) (46,50, 0.117892) (42,50, 0.117892) (44,50, 0.117892) (45,50, 0.117892) (47,50, 0.117892) (50,50, 0.117892) (41,50, 0.059518) (43,50, 0.117892) (48,50, 0.117892)
o6 87 (3,52, 0.574202) (6,54, 0.901526) (5,54, 0.901526) (25,54, 0.901526) (26,53, 1.000000) (21,53, 1.000000) (23,54, 0.901526) (29,53, 0.700416) (14,52, 0.574202) (4,52, 0.574202) (24,52, 0.574202) (1,54, 0.901526) (20,53, 1.000000) (2,53, 1.000000) (26,54, 0.901526) (28,53, 1.000000) (23,53, 1.000000) (9,52, 0.574202) (15,52, 0.574202) (17,52, 0.574202) (2,54, 0.901526) (8,54, 0.901526) (16,54, 0.901526) (11,52, 0.574202) (10,52, 0.574202) (18,52, 0.574202) (13,54, 0.901526) (5,53, 1.000000) (19,54, 0.901526) (25,53, 1.000000) (7,54, 0.901526) (27,54, 0.901526) (22,52, 0.574202) (21,52, 0.574202) (12,52, 0.574202) (29,52, 0.402181) (14,53, 1.000000) (4,53, 1.000000) (24,53, 1.000000) (19,53, 1.000000) (1,53, 1.000000) (7,53, 1.000000) (20,54, 0.901526) (27,53, 1.000000) (28,54, 0.901526) (23,52, 0.574202) (14,54, 0.901526) (9,54, 0.901526) (10,53, 1.000000) (17,54, 0.901526) (18,53, 1.000000) (13,53, 1.000000) (3,54, 0.901526) (8,52, 0.574202) (6,52, 0.574202) (5,52, 0.574202) (25,52, 0.574202) (16,52, 0.574202) (10,54, 0.901526) (22,53, 1.000000) (12,53, 1.000000) (18,54, 0.901526) (3,53, 1.000000) (4,54, 0.901526) (24,54, 0.901526) (19,52, 0.574202) (1,52, 0.574202) (7,52, 0.574202) (27,52, 0.574202) (26,52, 0.574202) (22,54, 0.901526) (21,54, 0.901526) (29,54, 0.631443) (15,54, 0.901526) (20,52, 0.574202) (2,52, 0.574202) (28,52, 0.574202) (9,53, 1.000000) (15,53, 1.000000) (11,54, 0.901526) (17,53, 1.000000) (13,52, 0.574202) (8,53, 1.000000) (6,53, 1.000000) (16,53, 1.000000) (11,53, 1.000000) (12,54, 0.901526)
o7 8 (29,54, 0.111231) (29,51, 0.390523) (29,52, 0.700416) (28,54, 0.075990) (29,53, 0.700416) (28,53, 0.478502) (28,52, 0.478502) (28,51, 0.266793)
o8 102 (32,38, 1.000000) (33,39, 0.922330) (24,39, 0.922330) (19,39, 0.922330) (25,38, 1.000000) (27,39, 0.922330) (26,37, 0.554785) (22,39, 0.922330) (21,37, 0.554785) (8,38, 1.000000) (23,38, 1.000000) (30,39, 0.922330) (29,37, 0.554785) (9,39, 0.922330) (16,38, 1.000000) (31,38, 1.000000) (17,39, 0.922330) (12,39, 0.922330) (13,38, 1.000000) (1,38, 1.000000) (20,37, 0.554785) (3,39, 0.922330) (2,37, 0.554785) (26,38, 1.000000) (28,37, 0.554785) (23,37, 0.554785) (6,39, 0.922330) (5,37, 0.554785) (7,38, 1.000000) (31,37, 0.554785) (2,38, 1.000000) (4,37, 0.554785) (7,37, 0.554785) (32,39, 0.922330) (33,38, 1.000000) (34,37, 0.013850) (19,38, 1.000000) (25,37, 0.554785) (27,38, 1.000000) (8,39, 0.922330) (9,38, 1.000000) (16,39, 0.922330) (11,39, 0.922330) (10,37, 0.554785) (34,38, 0.024965) (17,38, 1.000000) (14,37, 0.554785) (18,37, 0.554785) (24,37, 0.554785) (13,37, 0.554785) (19,37, 0.554785) (1,37, 0.554785) (20,38, 1.000000) (3,38, 1.000000) (27,37, 0.554785) (26,39, 0.922330) (21,39, 0.922330) (28,38, 1.000000) (29,39, 0.922330) (10,38, 1.000000) (14,38, 1.000000) (12,37, 0.554785) (18,38, 1.000000) (15,39, 0.922330) (3,37, 0.554785) (2,39, 0.922330) (4,38, 1.000000) (5,39, 0.922330) (33,37, 0.554785) (22,37, 0.554785) (32,37, 0.554785) (30,37, 0.554785) (9,37, 0.554785) (11,38, 1.000000) (34,39, 0.023026) (17,37, 0.554785) (24,38, 1.000000) (25,39, 0.922330) (20,39, 0.922330) (22,38, 1.000000) (21,38, 1.000000) (28,39, 0.922330) (8,37, 0.554785) (23,39, 0.922330) (6,37, 0.554785) (30,38, 1.000000) (29,38, 1.000000) (16,37, 0.554785) (31,39, 0.922330) (11,37, 0.554785) (10,39, 0.922330) (14,39, 0.922330) (12,38, 1.000000) (18,39, 0.922330) (15,38, 1.000000) (13,39, 0.922330) (1,39, 0.922330) (4,39, 0.922330) (6,38, 1.000000) (5,38, 1.000000) (7,39, 0.922330) (15,37, 0.554785)
o9 42 (34,48, 0.024965) (34,38, 0.020263) (34,40, 0.024965) (33,45, 1.000000) (32,50, 0.153953) (32,44, 0.153953) (33,51, 0.284327) (33,41, 1.000000) (32,40, 0.153953) (34,42, 0.024965) (34,49, 0.024965) (34,39, 0.024965) (34,46, 0.024965) (33,44, 1.000000) (34,43, 0.024965) (32,51, 0.043773) (32,45, 0.153953) (34,45, 0.024965) (33,50, 1.000000) (32,38, 0.124956) (33,40, 1.000000) (33,39, 1.000000) (32,41, 0.153953) (34,50, 0.024965) (32,46, 0.153953) (33,49, 1.000000) (32,39, 0.153953) (33,47, 1.000000) (34,47, 0.024965) (32,48, 0.153953) (33,38, 0.811650) (32,42, 0.153953) (33,43, 1.000000) (34,51, 0.007098) (34,41, 0.024965) (32,47, 0.153953) (33,48, 1.000000) (33,46, 1.000000) (32,49, 0.153953) (32,43, 0.153953) (33,42, 1.000000) (34,44, 0.024965)
o10 114 (15,27, 0.540915) (6,28, 1.000000) (21,28, 1.000000) (11,28, 1.000000) (26,28, 1.000000) (16,28, 1.000000) (38,27, 0.189058) (29,27, 0.540915) (34,29, 0.936200) (19,29, 0.936200) (24,27, 0.540915) (35,28, 1.000000) (36,27, 0.540915) (11,27, 0.540915) (1,28, 1.000000) (7,28, 1.000000) (22,28, 1.000000) (12,28, 1.000000) (2,27, 0.540915) (32,28, 1.000000) (30,29, 0.936200) (15,29, 0.936200) (37,29, 0.936200) (2,28, 1.000000) (27,27, 0.540915) (23,28, 1.000000) (28,28, 1.000000) (5,27, 0.540915) (10,29, 0.936200) (36,29, 0.936200) (12,27, 0.540915) (17,29, 0.936200) (3,28, 1.000000) (8,28, 1.000000) (30,27, 0.540915) (6,29, 0.936200) (21,27, 0.540915) (26,29, 0.936200) (16,29, 0.936200) (13,29, 0.936200) (28,27, 0.540915) (33,29, 0.936200) (3,27, 0.540915) (14,28, 1.000000) (4,28, 1.000000) (19,28, 1.000000) (24,28, 1.000000) (22,29, 0.936200) (12,29, 0.936200) (17,27, 0.540915) (32,29, 0.936200) (29,29, 0.936200) (19,27, 0.540915) (15,28, 1.000000) (31,27, 0.540915) (20,28, 1.000000) (6,27, 0.540915) (37,28, 1.000000) (2,29, 0.936200) (28,29, 0.936200) (33,27, 0.540915) (4,27, 0.540915) (9,29, 0.936200) (35,29, 0.936200) (17,28, 1.000000) (22,27, 0.540915) (38,28, 0.349515) (18,27, 0.540915) (35,27, 0.540915) (8,29, 0.936200) (5,29, 0.936200) (20,27, 0.540915) (25,29, 0.936200) (31,29, 0.936200) (7,27, 0.540915) (13,28, 1.000000) (18,28, 1.000000) (33,28, 1.000000) (34,27, 0.540915) (14,29, 0.936200) (4,29, 0.936200) (9,27, 0.540915) (24,29, 0.936200) (27,28, 1.000000) (21,29, 0.936200) (11,29, 0.936200) (16,27, 0.540915) (23,27, 0.540915) (29,28, 1.000000) (34,28, 1.000000) (20,29, 0.936200) (25,27, 0.540915) (37,27, 0.540915) (1,29, 0.936200) (7,29, 0.936200) (27,29, 0.936200) (32,27, 0.540915) (9,28, 1.000000) (14,27, 0.540915) (30,28, 1.000000) (10,27, 0.540915) (38,29, 0.327215) (23,29, 0.936200) (5,28, 1.000000) (10,28, 1.000000) (25,28, 1.000000) (31,28, 1.000000) (36,28, 1.000000) (26,27, 0.540915) (1,27, 0.540915) (13,27, 0.540915) (18,29, 0.936200) (3,29, 0.936200) (8,27, 0.540915)
o11 46 (38,36, 0.349515) (37,36, 0.829404) (38,50, 0.311703) (37,43, 0.829404) (38,43, 0.349515) (37,49, 0.829404) (38,31, 0.349515) (38,32, 0.349515) (37,47, 0.829404) (38,44, 0.349515) (38,37, 0.349515) (37,35, 0.829404) (37,31, 0.829404) (37,42, 0.829404) (38,40, 0.349515) (37,48, 0.829404) (38,28, 0.278836) (38,33, 0.349515) (37,39, 0.829404) (37,46, 0.829404) (38,45, 0.349515) (37,34, 0.829404) (38,48, 0.349515) (37,30, 0.829404) (37,41, 0.829404) (38,41, 0.349515) (38,29, 0.349515) (38,38, 0.349515) (37,38, 0.829404) (37,45, 0.829404) (38,34, 0.349515) (37,33, 0.829404) (38,49, 0.349515) (37,29, 0.829404) (37,40, 0.829404) (38,46, 0.349515) (38,39, 0.349515) (37,37, 0.829404) (37,44, 0.829404) (38,42, 0.349515) (37,50, 0.739676) (38,30, 0.349515) (38,35, 0.349515) (37,32, 0.829404) (37,28, 0.661682) (38,47, 0.349515)
o12 126 (14,17, 0.527046) (19,19, 0.950069) (10,17, 0.527046) (24,17, 0.527046) (31,19, 0.950069) (36,17, 0.527046) (1,17, 0.527046) (22,19, 0.950069) (13,17, 0.527046) (27,17, 0.527046) (18,19, 0.950069) (39,17, 0.527046) (4,19, 0.950069) (14,18, 1.000000) (5,18, 1.000000) (10,18, 1.000000) (7,19, 0.950069) (40,19, 0.950069) (12,17, 0.527046) (26,17, 0.527046) (41,18, 1.000000) (38,17, 0.527046) (29,17, 0.527046) (34,19, 0.950069) (20,19, 0.950069) (16,19, 0.950069) (21,18, 1.000000) (2,17, 0.527046) (26,18, 1.000000) (17,18, 1.000000) (23,19, 0.950069) (38,18, 1.000000) (28,17, 0.527046) (3,18, 1.000000) (8,18, 1.000000) (9,19, 0.950069) (2,18, 1.000000) (32,19, 0.950069) (33,18, 1.000000) (3,17, 0.527046) (19,18, 1.000000) (24,18, 1.000000) (31,18, 1.000000) (36,18, 1.000000) (25,19, 0.950069) (37,19, 0.950069) (14,19, 0.950069) (5,17, 0.527046) (19,17, 0.527046) (10,19, 0.950069) (7,18, 1.000000) (31,17, 0.527046) (12,18, 1.000000) (1,19, 0.950069) (41,17, 0.527046) (13,19, 0.950069) (4,17, 0.527046) (30,17, 0.527046) (35,19, 0.950069) (7,17, 0.527046) (40,17, 0.527046) (21,17, 0.527046) (26,19, 0.950069) (17,17, 0.527046) (23,18, 1.000000) (38,19, 0.950069) (28,18, 1.000000) (29,19, 0.950069) (8,19, 0.950069) (9,18, 1.000000) (15,19, 0.950069) (6,17, 0.527046) (30,18, 1.000000) (20,17, 0.527046) (11,19, 0.950069) (16,17, 0.527046) (2,19, 0.950069) (42,17, 0.355993) (23,17, 0.527046) (33,17, 0.527046) (24,19, 0.950069) (6,18, 1.000000) (36,19, 0.950069) (25,18, 1.000000) (22,17, 0.527046) (37,18, 1.000000) (27,19, 0.950069) (18,17, 0.527046) (42,18, 0.675451) (32,17, 0.527046) (39,19, 0.950069) (12,19, 0.950069) (1,18, 1.000000) (22,18, 1.000000) (13,18, 1.000000) (18,18, 1.000000) (34,17, 0.527046) (4,18, 1.000000) (5,19, 0.950069) (35,18, 1.000000) (40,18, 1.000000) (41,19, 0.950069) (28,19, 0.950069) (29,18, 1.000000) (34,18, 1.000000) (9,17, 0.527046) (15,18, 1.000000) (30,19, 0.950069) (20,18, 1.000000) (11,18, 1.000000) (35,17, 0.527046) (16,18, 1.000000) (21,19, 0.950069) (17,19, 0.950069) (3,19, 0.950069) (8,17, 0.527046) (15,17, 0.527046) (6,19, 0.950069) (11,17, 0.527046) (25,17, 0.527046) (37,17, 0.527046) (27,18, 1.000000) (42,19, 0.641725) (32,18, 1.000000) (39,18, 1.000000) (33,19, 0.950069)
o13 66 (41,27, 0.504854) (42,43, 0.675451) (41,33, 0.504854) (42,49, 0.675451) (41,40, 0.504854) (42,38, 0.675451) (42,25, 0.675451) (41,23, 0.504854) (42,47, 0.675451) (41,30, 0.504854) (42,20, 0.675451) (41,36, 0.504854) (41,50, 0.251377) (42,29, 0.675451) (41,19, 0.504854) (42,35, 0.675451) (41,26, 0.504854) (42,40, 0.675451) (41,32, 0.504854) (41,47, 0.504854) (42,39, 0.675451) (41,22, 0.504854) (42,44, 0.675451) (42,50, 0.336320) (41,29, 0.504854) (42,21, 0.675451) (41,43, 0.504854) (41,49, 0.504854) (42,26, 0.675451) (41,18, 0.395761) (42,32, 0.675451) (41,25, 0.504854) (42,41, 0.675451) (41,39, 0.504854) (42,30, 0.675451) (41,46, 0.504854) (42,36, 0.675451) (41,21, 0.504854) (42,45, 0.675451) (41,35, 0.504854) (41,28, 0.504854) (42,18, 0.529493) (41,42, 0.504854) (41,48, 0.504854) (42,27, 0.675451) (42,33, 0.675451) (41,24, 0.504854) (42,22, 0.675451) (41,38, 0.504854) (42,31, 0.675451) (41,45, 0.504854) (42,37, 0.675451) (41,20, 0.504854) (42,42, 0.675451) (41,34, 0.504854) (42,48, 0.675451) (42,19, 0.675451) (41,41, 0.504854) (42,24, 0.675451) (42,46, 0.675451) (41,31, 0.504854) (42,23, 0.675451) (41,37, 0.504854) (42,28, 0.675451) (41,44, 0.504854) (42,34, 0.675451)
o14 105 (25,93, 1.000000) (31,93, 1.000000) (19,92, 0.629681) (24,92, 0.629681) (41,92, 0.629681) (21,94, 0.847434) (26,94, 0.847434) (33,92, 0.629681) (39,92, 0.629681) (44,92, 0.629681) (32,93, 1.000000) (14,93, 1.000000) (15,92, 0.629681) (12,94, 0.440760) (27,94, 0.847434) (29,92, 0.629681) (14,94, 0.847434) (28,93, 1.000000) (20,93, 1.000000) (42,93, 1.000000) (36,94, 0.847434) (27,93, 1.000000) (38,92, 0.629681) (43,92, 0.629681) (35,92, 0.629681) (40,92, 0.629681) (45,94, 0.847434) (37,94, 0.847434) (42,94, 0.847434) (16,94, 0.847434) (13,92, 0.629681) (18,92, 0.629681) (25,92, 0.629681) (31,92, 0.629681) (24,93, 1.000000) (17,94, 0.847434) (21,93, 1.000000) (44,93, 1.000000) (32,94, 0.847434) (34,92, 0.629681) (41,94, 0.847434) (33,94, 0.847434) (23,94, 0.847434) (28,94, 0.847434) (20,94, 0.847434) (30,92, 0.629681) (22,92, 0.629681) (12,92, 0.327504) (27,92, 0.629681) (38,93, 1.000000) (29,94, 0.847434) (23,93, 1.000000) (40,93, 1.000000) (45,93, 1.000000) (37,93, 1.000000) (46,92, 0.629681) (36,92, 0.629681) (38,94, 0.847434) (18,93, 1.000000) (19,94, 0.847434) (24,94, 0.847434) (17,93, 1.000000) (21,92, 0.629681) (26,92, 0.629681) (16,92, 0.629681) (39,94, 0.847434) (44,94, 0.847434) (13,94, 0.847434) (18,94, 0.847434) (34,93, 1.000000) (25,94, 0.847434) (19,93, 1.000000) (15,94, 0.847434) (41,93, 1.000000) (33,93, 1.000000) (39,93, 1.000000) (32,92, 0.629681) (14,92, 0.629681) (34,94, 0.847434) (30,93, 1.000000) (15,93, 1.000000) (22,93, 1.000000) (12,93, 0.520111) (29,93, 1.000000) (43,94, 0.847434) (23,92, 0.629681) (28,92, 0.629681) (35,94, 0.847434) (40,94, 0.847434) (45,92, 0.629681) (20,92, 0.629681) (30,94, 0.847434) (37,92, 0.629681) (42,92, 0.629681) (46,93, 1.000000) (22,94, 0.847434) (36,93, 1.000000) (43,93, 1.000000) (35,93, 1.000000) (31,94, 0.847434) (17,92, 0.629681) (46,94, 0.847434) (26,93, 1.000000) (16,93, 1.000000) (13,93, 1.000000)
o15 88 (45,58, 0.180305) (46,91, 1.000000) (46,78, 1.000000) (46,61, 1.000000) (45,75, 0.180305) (45,88, 0.180305) (45,61, 0.180305) (46,84, 1.000000) (46,75, 1.000000) (45,65, 0.180305) (46,62, 1.000000) (45,78, 0.180305) (45,91, 0.180305) (45,51, 0.029759) (46,81, 1.000000) (46,68, 1.000000) (45,68, 0.180305) (46,59, 1.000000) (45,81, 0.180305) (45,94, 0.018806) (45,54, 0.180305) (46,82, 1.000000) (46,65, 1.000000) (45,71, 0.180305) (46,52, 1.000000) (45,84, 0.180305) (45,57, 0.180305) (46,88, 1.000000) (46,79, 1.000000) (46,66, 1.000000) (45,74, 0.180305) (45,87, 0.180305) (45,60, 0.180305) (46,85, 1.000000) (46,72, 1.000000) (45,64, 0.180305) (46,63, 1.000000) (45,77, 0.180305) (45,90, 0.180305) (45,63, 0.180305) (46,86, 1.000000) (46,69, 1.000000) (45,67, 0.180305) (46,56, 1.000000) (45,80, 0.180305) (45,93, 0.180305) (45,53, 0.180305) (46,92, 1.000000) (46,83, 1.000000) (46,70, 1.000000) (45,70, 0.180305) (46,53, 1.000000) (45,83, 0.180305) (45,56, 0.180305) (46,89, 1.000000) (46,76, 1.000000) (46,67, 1.000000) (45,73, 0.180305) (46,54, 1.000000) (45,86, 0.180305) (45,59, 0.180305) (46,90, 1.000000) (46,73, 1.000000) (46,60, 1.000000) (45,76, 0.180305) (46,51, 0.165049) (45,89, 0.180305) (45,62, 0.180305) (46,87, 1.000000) (46,74, 1.000000) (45,66, 0.180305) (46,57, 1.000000) (45,79, 0.180305) (45,92, 0.180305) (45,52, 0.180305) (46,93, 1.000000) (46,80, 1.000000) (46,71, 1.000000) (45,69, 0.180305) (46,58, 1.000000) (45,82, 0.180305) (45,55, 0.180305) (46,94, 0.104300) (46,77, 1.000000) (46,64, 1.000000) (45,72, 0.180305) (46,55, 1.000000) (45,85, 0.180305)
o16 12 (14,96, 0.326523) (14,95, 0.957004) (12,96, 0.177458) (14,94, 0.957004) (13,94, 1.000000) (12,95, 0.520111) (13,93, 0.886546) (12,93, 0.461103) (14,93, 0.848429) (13,95, 1.000000) (13,96, 0.341193) (12,94, 0.520111)
FIN
