no merge conflict:
o26 4 o11 o18 o25 o34
o36 4 o5 o6 o21 o27
o20 4 o5 o7 o27 o37
o12 4 o4 o11 o19 o25
o34 4 o3 o4 o19 o26
o33 2 o15 o31
o17 2 o15 o31
o1 2 o2 o23
o7 4 o6 o8 o20 o29
o2 4 o1 o3 o22 o25
o18 4 o3 o5 o26 o35
o28 4 o8 o21 o29 o37
o27 4 o19 o20 o35 o36
o8 4 o7 o9 o28 o31
o16 2 o10 o22
o9 2 o8 o30
o30 4 o9 o14 o29 o31
o19 4 o12 o13 o27 o34
o3 4 o2 o18 o24 o34
o14 4 o15 o21 o30 o37
o22 4 o2 o16 o23 o32
o29 4 o7 o15 o28 o30
o15 4 o14 o17 o29 o33
o11 4 o10 o12 o23 o26
o32 2 o10 o22
o24 4 o3 o10 o23 o25
o35 4 o4 o13 o18 o27
o4 4 o5 o12 o34 o35
o25 4 o2 o12 o24 o26
o31 4 o8 o17 o30 o33
o37 4 o6 o14 o20 o28
o5 4 o4 o18 o20 o36
o10 4 o11 o16 o24 o32
o21 4 o13 o14 o28 o36
o23 4 o1 o11 o22 o24
o6 4 o7 o13 o36 o37
o13 4 o6 o19 o21 o35
FIN

no absorption conflict:
o20 2 o6 o36
o32 1 o16
o7 2 o28 o37
o13 2 o27 o36
o18 2 o4 o34
o8 2 o29 o30
o12 2 o26 o34
o19 2 o4 o35
o9 2 o31 o33
o14 2 o28 o29
o15 2 o30 o31
o2 2 o23 o24
o10 2 o22 o23
o5 2 o27 o35
o33 1 o17
o11 2 o24 o25
o1 2 o22 o32
o21 2 o6 o37
o3 2 o25 o26
FIN

distance:
o26 o6 825.499000
o26 o16 675.500000
o26 o27 525.500000
o26 o17 1725.499000
o26 o4 225.499000
o26 o34 75.500000
o26 o31 1575.500000
o26 o36 675.500000
o36 o31 825.500000
o36 o4 375.500000
o36 o16 1425.500000
o36 o17 975.499000
o36 o6 75.499000
o20 o26 675.499000
o20 o12 2955.797227
o20 o34 525.499000
o20 o33 847.850300
o20 o32 1425.499000
o20 o1 1275.499000
o20 o7 97.850300
o20 o2 975.499000
o20 o28 247.850300
o20 o8 397.849300
o20 o16 1599.048444
o20 o9 697.850300
o20 o30 547.850300
o20 o17 1056.012735
o20 o3 675.499000
o20 o14 2919.249530
o20 o22 1275.499000
o20 o29 397.850300
o20 o15 2959.852699
o20 o11 3023.580104
o20 o24 975.499000
o20 o35 225.500000
o20 o4 375.499000
o20 o25 825.499000
o20 o31 697.850300
o20 o37 97.850300
o20 o5 75.499000
o20 o10 3118.866818
o20 o27 75.499000
o20 o23 1125.499000
o20 o13 2908.709000
o12 o36 525.500000
o12 o32 679.689652
o12 o13 375.500000
o12 o28 975.500000
o12 o6 675.499000
o12 o16 675.500000
o12 o30 1275.500000
o12 o17 1575.499000
o12 o3 2908.709000
o12 o14 975.500000
o12 o31 1425.500000
o12 o29 1125.500000
o12 o15 1275.500000
o12 o35 225.500000
o12 o24 225.500000
o12 o4 75.499000
o12 o33 1577.300852
o12 o22 525.500000
o12 o37 825.500000
o12 o27 375.500000
o12 o23 375.500000
o12 o25 75.500000
o34 o6 675.499000
o34 o36 525.500000
o34 o17 1575.499000
o34 o4 75.499000
o34 o31 1425.500000
o34 o16 825.500000
o33 o36 975.500000
o33 o6 825.500000
o33 o16 2475.500000
o33 o27 1125.500000
o33 o26 1725.500000
o33 o30 225.501000
o33 o34 1575.500000
o33 o24 2025.500000
o33 o35 1275.501000
o33 o29 375.500000
o33 o4 1425.500000
o33 o23 2175.500000
o33 o37 675.501000
o33 o31 75.500000
o33 o22 2325.500000
o33 o28 525.500000
o33 o25 1875.500000
o17 o16 2475.499000
o1 o26 525.500000
o1 o36 1275.500000
o1 o12 2955.797405
o1 o7 1575.500000
o1 o13 3118.868111
o1 o28 1725.500000
o1 o2 75.500000
o1 o16 286.808000
o1 o9 2175.500000
o1 o30 2025.500000
o1 o11 2917.436940
o1 o17 2476.531552
o1 o3 375.499000
o1 o14 3382.002114
o1 o31 2175.500000
o1 o29 1875.500000
o1 o15 3544.465869
o1 o8 1875.499000
o1 o24 225.500000
o1 o35 975.500000
o1 o10 2908.708000
o1 o25 375.500000
o1 o34 675.500000
o1 o37 1575.500000
o1 o5 975.500000
o1 o4 825.499000
o1 o27 1125.500000
o1 o23 75.500000
o1 o6 1425.499000
o1 o33 2325.500000
o7 o26 975.500000
o7 o36 225.500000
o7 o12 3023.580377
o7 o34 825.500000
o7 o32 1725.500000
o7 o13 2917.436940
o7 o8 75.499000
o7 o16 1889.191309
o7 o3 975.500000
o7 o30 225.500000
o7 o17 775.050532
o7 o9 375.500000
o7 o14 2908.709000
o7 o31 375.500000
o7 o29 75.500000
o7 o15 2917.436940
o7 o6 75.500000
o7 o24 1275.500000
o7 o35 525.501000
o7 o10 3239.233317
o7 o25 1125.500000
o7 o22 1575.500000
o7 o11 3118.868111
o7 o4 675.500000
o7 o27 375.500000
o7 o23 1425.500000
o7 o33 525.500000
o2 o26 225.500000
o2 o36 975.500000
o2 o12 2917.436940
o2 o34 375.500000
o2 o32 225.500000
o2 o7 1275.500000
o2 o13 3023.580377
o2 o28 1425.500000
o2 o8 1575.499000
o2 o16 555.535598
o2 o3 75.499000
o2 o30 1725.500000
o2 o17 2182.000075
o2 o9 1875.500000
o2 o14 3239.234215
o2 o22 75.500000
o2 o29 1575.500000
o2 o15 3382.002114
o2 o11 2908.709000
o2 o35 675.500000
o2 o10 2908.708000
o2 o25 75.500000
o2 o31 1875.500000
o2 o37 1275.500000
o2 o5 675.500000
o2 o4 525.499000
o2 o27 825.500000
o2 o6 1125.499000
o2 o33 2025.500000
o18 o26 75.500000
o18 o36 397.850300
o18 o20 397.849300
o18 o12 2908.709000
o18 o17 1620.540545
o18 o7 697.850300
o18 o13 2919.249530
o18 o28 847.850300
o18 o27 247.850300
o18 o8 997.849300
o18 o16 1035.755473
o18 o9 1297.850300
o18 o30 1147.850300
o18 o19 2908.709000
o18 o3 75.500000
o18 o14 3029.758766
o18 o22 675.500000
o18 o29 997.850300
o18 o15 3127.003095
o18 o11 2917.436940
o18 o32 825.500000
o18 o24 375.500000
o18 o35 97.850300
o18 o2 375.500000
o18 o25 225.500000
o18 o31 1297.850300
o18 o37 697.850300
o18 o5 97.850300
o18 o10 2955.796420
o18 o1 675.500000
o18 o21 2964.070787
o18 o23 525.500000
o18 o6 547.849300
o18 o33 1447.850300
o28 o36 375.500000
o28 o6 225.500000
o28 o16 1875.500000
o28 o26 1125.500000
o28 o24 1425.500000
o28 o17 525.499000
o28 o4 825.500000
o28 o25 1275.500000
o28 o34 975.500000
o28 o31 375.500000
o28 o29 75.500000
o28 o27 525.500000
o27 o6 225.499000
o27 o16 1275.500000
o27 o17 1125.499000
o27 o4 225.500000
o27 o34 375.500000
o27 o31 975.500000
o27 o36 75.500000
o8 o26 1275.499000
o8 o36 525.499000
o8 o34 1125.499000
o8 o17 555.535598
o8 o13 2955.797227
o8 o28 75.499000
o8 o6 375.499000
o8 o16 2182.000075
o8 o12 3118.867751
o8 o9 75.501000
o8 o32 2025.499000
o8 o3 1275.499000
o8 o14 2908.709000
o8 o31 75.501000
o8 o15 2908.709000
o8 o24 1575.499000
o8 o35 825.500000
o8 o10 3382.000743
o8 o33 225.501000
o8 o22 1875.499000
o8 o37 225.500000
o8 o11 3239.233774
o8 o4 975.499000
o8 o27 675.499000
o8 o23 1725.499000
o8 o25 1425.499000
o9 o26 1575.500000
o9 o36 825.500000
o9 o32 2325.500000
o9 o13 3023.580377
o9 o28 375.500000
o9 o6 675.500000
o9 o16 2476.532536
o9 o12 3239.234215
o9 o30 75.501000
o9 o17 286.807000
o9 o3 1575.500000
o9 o14 2917.436940
o9 o34 1425.500000
o9 o29 225.500000
o9 o15 2908.709000
o9 o24 1875.500000
o9 o35 1125.501000
o9 o10 3544.465048
o9 o25 1725.500000
o9 o22 2175.500000
o9 o37 525.501000
o9 o11 3382.002114
o9 o4 1275.500000
o9 o27 975.500000
o9 o23 2025.500000
o30 o34 1275.500000
o30 o6 525.500000
o30 o16 2175.500000
o30 o27 825.500000
o30 o26 1425.500000
o30 o29 75.500000
o30 o17 225.500000
o30 o35 975.501000
o30 o24 1725.500000
o30 o4 1125.500000
o30 o36 675.500000
o30 o23 1875.500000
o30 o37 375.501000
o30 o31 75.501000
o30 o22 2025.500000
o30 o28 225.500000
o30 o25 1575.500000
o19 o26 247.849300
o19 o36 225.501000
o19 o20 2917.436940
o19 o12 97.849300
o19 o34 97.849300
o19 o32 1000.690261
o19 o7 2955.797582
o19 o13 75.501000
o19 o28 675.501000
o19 o27 75.501000
o19 o8 3023.580377
o19 o16 997.849300
o19 o9 3118.868472
o19 o30 975.501000
o19 o17 1275.500000
o19 o3 2919.249445
o19 o14 675.501000
o19 o22 847.849300
o19 o29 825.501000
o19 o15 975.501000
o19 o11 397.849300
o19 o24 547.849300
o19 o2 2959.852514
o19 o25 397.849300
o19 o31 1125.501000
o19 o37 525.501000
o19 o5 2908.709000
o19 o10 697.849300
o19 o1 3029.758486
o19 o21 397.850300
o19 o23 697.849300
o19 o6 375.500000
o19 o33 1277.724747
o3 o32 525.499000
o3 o6 825.499000
o3 o16 775.050532
o3 o27 525.500000
o3 o30 1425.500000
o3 o29 1275.500000
o3 o17 1889.190336
o3 o35 375.500000
o3 o24 75.499000
o3 o4 225.499000
o3 o36 675.500000
o3 o23 225.499000
o3 o37 975.500000
o3 o31 1575.500000
o3 o22 375.499000
o3 o34 75.500000
o3 o28 1125.500000
o3 o33 1725.500000
o14 o26 1125.500000
o14 o6 225.500000
o14 o16 1875.500000
o14 o27 525.500000
o14 o4 825.500000
o14 o30 75.500000
o14 o37 75.501000
o14 o32 1877.013059
o14 o17 375.499000
o14 o33 382.985611
o14 o24 1425.500000
o14 o3 3118.868111
o14 o36 375.500000
o14 o23 1575.500000
o14 o25 1275.500000
o14 o31 225.500000
o14 o22 1725.500000
o14 o34 975.500000
o14 o35 675.501000
o14 o15 75.500000
o22 o36 1275.500000
o22 o6 1425.499000
o22 o16 75.500000
o22 o26 525.500000
o22 o29 1875.500000
o22 o24 225.500000
o22 o17 2325.499000
o22 o4 825.499000
o22 o25 375.500000
o22 o34 675.500000
o22 o31 2175.500000
o22 o28 1725.500000
o22 o27 1125.500000
o29 o36 525.500000
o29 o6 375.500000
o29 o16 2025.500000
o29 o26 1275.500000
o29 o24 1575.500000
o29 o17 375.499000
o29 o4 975.500000
o29 o25 1425.500000
o29 o34 1125.500000
o29 o31 225.500000
o29 o27 675.500000
o15 o26 1425.500000
o15 o6 525.500000
o15 o35 975.501000
o15 o16 2175.500000
o15 o27 825.500000
o15 o4 1125.500000
o15 o29 75.500000
o15 o17 75.499000
o15 o33 106.667605
o15 o24 1725.500000
o15 o3 3239.234215
o15 o36 675.500000
o15 o23 1875.500000
o15 o37 375.501000
o15 o34 1275.500000
o15 o22 2025.500000
o15 o32 2176.804544
o15 o28 225.500000
o15 o25 1575.500000
o11 o26 75.500000
o11 o36 825.500000
o11 o34 225.500000
o11 o17 1875.499000
o11 o13 675.500000
o11 o28 1275.500000
o11 o6 975.499000
o11 o16 375.500000
o11 o12 75.500000
o11 o30 1575.500000
o11 o32 382.985670
o11 o3 2908.709000
o11 o14 1275.500000
o11 o31 1725.500000
o11 o29 1425.500000
o11 o15 1575.500000
o11 o35 525.500000
o11 o4 375.499000
o11 o33 1877.013047
o11 o22 225.500000
o11 o37 1125.500000
o11 o27 675.500000
o11 o23 75.500000
o32 o34 825.500000
o32 o6 1575.499000
o32 o35 1125.500000
o32 o27 1275.500000
o32 o26 675.500000
o32 o30 2175.500000
o32 o29 2025.500000
o32 o17 2475.499000
o32 o33 2475.500000
o32 o24 375.500000
o32 o4 975.499000
o32 o36 1425.500000
o32 o23 225.500000
o32 o37 1725.500000
o32 o31 2325.500000
o32 o22 75.500000
o32 o28 1875.500000
o32 o25 525.500000
o24 o36 975.500000
o24 o26 225.500000
o24 o16 375.500000
o24 o6 1125.499000
o24 o17 2025.499000
o24 o4 525.499000
o24 o25 75.500000
o24 o34 375.500000
o24 o31 1875.500000
o24 o27 825.500000
o35 o34 225.500000
o35 o6 375.500000
o35 o16 1125.500000
o35 o27 75.501000
o35 o26 375.500000
o35 o29 825.501000
o35 o17 1275.500000
o35 o24 675.500000
o35 o4 75.500000
o35 o36 225.501000
o35 o23 825.500000
o35 o37 525.501000
o35 o31 1125.501000
o35 o22 975.500000
o35 o28 675.501000
o35 o25 525.500000
o4 o6 525.499000
o4 o16 975.499000
o4 o17 1425.499000
o25 o26 75.500000
o25 o16 525.500000
o25 o27 675.500000
o25 o34 225.500000
o25 o17 1875.499000
o25 o4 375.499000
o25 o31 1725.500000
o25 o6 975.499000
o25 o36 825.500000
o31 o4 1275.500000
o31 o16 2325.500000
o31 o17 75.499000
o31 o6 675.500000
o37 o34 825.500000
o37 o6 75.500000
o37 o16 1725.500000
o37 o27 375.500000
o37 o26 975.500000
o37 o29 225.501000
o37 o17 675.500000
o37 o24 1275.500000
o37 o4 675.500000
o37 o36 225.500000
o37 o23 1425.500000
o37 o31 525.501000
o37 o22 1575.500000
o37 o28 75.501000
o37 o25 1125.500000
o5 o26 375.500000
o5 o36 75.500000
o5 o34 225.500000
o5 o32 1125.500000
o5 o7 375.500000
o5 o13 2908.709000
o5 o28 525.500000
o5 o8 675.499000
o5 o16 1313.344662
o5 o3 375.500000
o5 o30 825.500000
o5 o17 1313.343720
o5 o9 975.500000
o5 o14 2955.797405
o5 o22 975.500000
o5 o29 675.500000
o5 o15 3023.580377
o5 o6 225.499000
o5 o24 675.500000
o5 o10 3023.579415
o5 o25 525.500000
o5 o31 975.500000
o5 o37 375.500000
o5 o11 2955.797405
o5 o4 75.500000
o5 o12 2917.436940
o5 o23 825.500000
o5 o33 1125.500000
o10 o26 375.500000
o10 o36 1125.500000
o10 o32 106.667111
o10 o13 975.500000
o10 o28 1575.500000
o10 o6 1275.499000
o10 o16 75.500000
o10 o12 375.500000
o10 o30 1875.500000
o10 o17 2175.499000
o10 o3 2917.435865
o10 o14 1575.500000
o10 o34 525.500000
o10 o29 1725.500000
o10 o15 1875.500000
o10 o35 825.500000
o10 o24 75.500000
o10 o4 675.499000
o10 o33 2176.804499
o10 o31 2025.500000
o10 o37 1425.500000
o10 o11 75.500000
o10 o27 975.500000
o10 o25 225.500000
o21 o26 847.849300
o21 o36 97.849300
o21 o20 2908.709000
o21 o34 697.849300
o21 o33 679.690613
o21 o32 1599.625006
o21 o1 3249.131521
o21 o7 2908.709000
o21 o2 3127.002728
o21 o28 75.501000
o21 o27 247.849300
o21 o8 2917.436940
o21 o16 1597.849300
o21 o9 2955.797582
o21 o30 375.501000
o21 o17 675.500000
o21 o3 3029.758486
o21 o14 75.501000
o21 o22 1447.849300
o21 o29 225.501000
o21 o15 375.501000
o21 o11 997.849300
o21 o24 1147.849300
o21 o35 397.850300
o21 o4 547.849300
o21 o25 997.849300
o21 o31 525.501000
o21 o5 2919.249445
o21 o10 1297.849300
o21 o12 697.849300
o21 o23 1297.849300
o21 o13 97.849300
o23 o34 525.500000
o23 o6 1275.499000
o23 o16 225.500000
o23 o26 375.500000
o23 o29 1725.500000
o23 o24 75.500000
o23 o17 2175.499000
o23 o4 675.499000
o23 o36 1125.500000
o23 o25 225.500000
o23 o31 2025.500000
o23 o22 75.500000
o23 o28 1575.500000
o23 o27 975.500000
o6 o16 1575.499000
o6 o17 825.499000
o13 o26 525.500000
o13 o6 75.499000
o13 o35 75.501000
o13 o23 975.500000
o13 o16 1275.500000
o13 o4 225.500000
o13 o30 675.500000
o13 o34 375.500000
o13 o29 525.500000
o13 o17 975.499000
o13 o33 978.405835
o13 o24 825.500000
o13 o3 2955.797405
o13 o37 225.500000
o13 o14 375.500000
o13 o25 675.500000
o13 o31 825.500000
o13 o22 1125.500000
o13 o32 1277.723766
o13 o28 375.500000
o13 o15 675.500000
FIN
