no merge conflict:
o13 1 o4
o5 2 o4 o17
o11 2 o3 o4
o2 4 o1 o3 o7 o9
o7 3 o1 o2 o3
o3 6 o2 o4 o7 o9 o11 o17
o4 6 o3 o5 o9 o11 o13 o17
o9 3 o2 o3 o4
o1 2 o2 o7
o17 3 o3 o4 o5
FIN

no absorption conflict:
o7 1 o6
o4 1 o13
o16 1 o15
o13 1 o12
o2 1 o9
o3 1 o11
o11 1 o10
o1 1 o7
o17 1 o15
o9 1 o8
o5 1 o17
FIN

distance:
o12 o15 27.014000
o12 o10 9.015000
o12 o6 23.415000
o12 o8 16.215000
o16 o12 27.549800
o16 o17 25.852000
o16 o8 45.550800
o16 o10 38.350800
o16 o6 52.750800
o16 o7 38.221043
o16 o9 36.214509
o13 o7 8.531144
o13 o16 31.109891
o13 o14 32.126316
o13 o8 15.506000
o13 o10 8.306000
o13 o6 22.706000
o13 o11 2.270813
o13 o18 32.762681
o13 o15 27.549800
o13 o17 11.622000
o13 o9 5.400612
o5 o12 11.625820
o5 o16 39.325412
o5 o13 11.622000
o5 o8 16.723074
o5 o11 8.515324
o5 o14 41.080136
o5 o2 0.765000
o5 o7 2.480186
o5 o3 0.482000
o5 o4 0.198000
o5 o9 5.434310
o5 o1 1.049000
o5 o10 12.117320
o5 o15 29.098000
o5 o6 23.143300
o5 o18 39.778131
o11 o12 2.412366
o11 o16 34.375528
o11 o17 8.513262
o11 o8 5.950500
o11 o15 29.622000
o11 o6 13.150500
o11 o7 5.386000
o11 o9 2.268000
o14 o7 39.763678
o14 o16 1.360000
o14 o17 28.998000
o14 o8 45.015000
o14 o12 27.014000
o14 o10 37.815000
o14 o6 52.215000
o14 o11 35.543630
o14 o15 1.360000
o14 o9 37.582941
o2 o12 5.506986
o2 o6 22.182000
o2 o16 36.249821
o2 o13 5.403861
o2 o8 14.982000
o2 o11 2.268000
o2 o14 37.616371
o2 o7 0.156000
o2 o10 8.105760
o2 o4 0.482000
o2 o18 35.328308
o2 o15 29.948000
o2 o17 0.723000
o2 o3 0.198000
o7 o15 30.189000
o7 o12 8.616689
o7 o17 2.463450
o7 o8 2.268000
o7 o10 5.386000
o3 o7 0.439000
o3 o16 34.413258
o3 o13 2.273359
o3 o8 15.265000
o3 o12 2.427354
o3 o14 35.579474
o3 o10 8.065000
o3 o6 22.465000
o3 o4 0.199000
o3 o18 33.944016
o3 o15 29.665000
o3 o17 0.440000
o3 o9 0.156000
o4 o7 0.723000
o4 o16 32.772539
o4 o14 33.709818
o4 o8 15.549000
o4 o12 0.581000
o4 o10 8.349000
o4 o6 22.749000
o4 o11 0.156000
o4 o18 32.801936
o4 o15 29.381000
o4 o17 0.156000
o4 o9 0.440000
o9 o12 5.498384
o9 o6 5.949800
o9 o15 29.906000
o9 o10 2.268000
o9 o7 2.268000
o9 o17 5.428882
o1 o3 0.482000
o1 o12 8.623725
o1 o16 38.255618
o1 o13 8.534679
o1 o8 14.871954
o1 o11 5.386000
o1 o14 39.796334
o1 o2 0.199000
o1 o10 9.231955
o1 o9 2.268000
o1 o4 0.766000
o1 o18 36.925985
o1 o15 30.232000
o1 o17 1.007000
o1 o6 21.898000
o10 o15 37.815000
o10 o6 12.615000
o10 o8 5.415000
o18 o7 23.499678
o18 o16 59.950800
o18 o14 59.430563
o18 o8 12.614000
o18 o12 30.615000
o18 o10 19.815000
o18 o6 5.414000
o18 o11 26.197841
o18 o15 59.415000
o18 o17 39.746220
o18 o9 23.615772
o15 o6 52.215000
o17 o10 12.087436
o17 o12 11.622000
o17 o6 23.101502
o17 o8 16.683318
o8 o6 5.414000
o8 o15 45.015000
FIN
