no merge conflict:
o10 3 o1 o2 o3
o1 3 o2 o6 o10
o12 3 o2 o3 o4
o4 2 o3 o12
o3 4 o2 o4 o10 o12
o2 6 o1 o3 o6 o8 o10 o12
o6 2 o1 o2
o8 1 o2
FIN

no absorption conflict:
o4 1 o12
o3 1 o10
o1 1 o6
o12 1 o11
o10 1 o9
o8 1 o7
o6 1 o5
o2 1 o8
FIN

distance:
o7 o9 23.415000
o7 o5 5.415000
o7 o11 30.615000
o10 o7 7.059681
o10 o12 2.268000
o10 o5 11.980631
o10 o11 5.949800
o1 o7 4.633079
o1 o11 26.490000
o1 o12 0.723000
o1 o10 0.439000
o1 o8 2.268000
o1 o9 19.290000
o1 o5 11.240000
o1 o2 0.198000
o12 o7 9.788826
o12 o5 13.197094
o12 o9 2.268000
o4 o7 9.809695
o4 o10 2.268000
o4 o1 0.765000
o4 o11 25.640000
o4 o3 0.198000
o4 o2 0.482000
o4 o9 18.578951
o4 o6 5.434310
o4 o5 13.235448
o4 o8 8.515324
o3 o7 7.087556
o3 o1 0.482000
o3 o11 25.923000
o3 o12 0.156000
o3 o8 5.388259
o3 o9 18.723000
o3 o6 2.310287
o3 o5 12.022856
o3 o2 0.199000
o2 o7 4.323000
o2 o11 26.207000
o2 o12 0.440000
o2 o10 0.156000
o2 o9 19.007000
o2 o6 0.156000
o2 o5 11.523000
o9 o11 5.414000
o6 o7 2.268000
o6 o10 2.302484
o6 o12 5.428882
o6 o11 26.448000
o6 o9 19.248000
o5 o9 30.615000
o5 o11 37.815000
o8 o11 26.164000
o8 o5 5.950500
o8 o10 5.387185
o8 o9 18.964000
o8 o6 2.268000
o8 o12 8.513262
FIN
