96 96 0.721000
o1 17 (38,51, 0.117892) (49,51, 0.117892) (51,51, 0.084535) (36,51, 0.117892) (46,51, 0.117892) (42,51, 0.117892) (44,51, 0.117892) (37,51, 0.117892) (39,51, 0.117892) (40,51, 0.117892) (50,51, 0.117892) (35,51, 0.116911) (45,51, 0.117892) (47,51, 0.117892) (48,51, 0.117892) (41,51, 0.117892) (43,51, 0.117892)
o2 22 (49,51, 0.117892) (51,51, 0.084535) (46,51, 0.117892) (40,51, 0.117892) (33,51, 0.117892) (35,51, 0.117892) (30,51, 0.037281) (48,51, 0.117892) (43,51, 0.117892) (38,51, 0.117892) (32,51, 0.117892) (42,51, 0.117892) (37,51, 0.117892) (50,51, 0.117892) (45,51, 0.117892) (47,51, 0.117892) (34,51, 0.117892) (36,51, 0.117892) (31,51, 0.117892) (44,51, 0.117892) (39,51, 0.117892) (41,51, 0.117892)
o3 26 (49,51, 0.029126) (51,51, 0.020885) (46,51, 0.029126) (39,50, 0.059218) (40,51, 0.029126) (41,50, 0.088766) (48,51, 0.029126) (43,51, 0.029126) (49,50, 0.088766) (51,50, 0.063650) (42,50, 0.088766) (50,50, 0.088766) (43,50, 0.088766) (42,51, 0.029126) (44,50, 0.088766) (50,51, 0.029126) (45,51, 0.029126) (47,51, 0.029126) (46,50, 0.088766) (44,51, 0.029126) (39,51, 0.019431) (45,50, 0.088766) (40,50, 0.088766) (47,50, 0.088766) (41,51, 0.029126) (48,50, 0.088766)
o4 9 (49,50, 0.117892) (51,50, 0.084535) (46,50, 0.117892) (44,50, 0.117892) (45,50, 0.117892) (47,50, 0.117892) (50,50, 0.117892) (43,50, 0.040387) (48,50, 0.117892)
o5 108 (17,69, 0.880721) (5,68, 1.000000) (11,68, 1.000000) (16,68, 1.000000) (36,68, 0.187240) (22,68, 1.000000) (2,67, 0.595007) (6,69, 0.880721) (3,69, 0.880721) (10,69, 0.880721) (23,69, 0.880721) (35,68, 1.000000) (11,67, 0.595007) (7,68, 1.000000) (2,68, 1.000000) (8,68, 1.000000) (1,67, 0.595007) (12,69, 0.880721) (17,67, 0.595007) (36,67, 0.111409) (4,68, 1.000000) (26,67, 0.595007) (6,67, 0.595007) (30,69, 0.880721) (27,68, 1.000000) (34,69, 0.880721) (15,67, 0.595007) (1,68, 1.000000) (33,69, 0.880721) (21,68, 1.000000) (26,68, 1.000000) (32,68, 1.000000) (31,67, 0.595007) (17,68, 1.000000) (5,67, 0.595007) (16,69, 0.880721) (36,69, 0.164906) (13,69, 0.880721) (22,69, 0.880721) (19,69, 0.880721) (24,67, 0.595007) (4,67, 0.595007) (3,68, 1.000000) (29,69, 0.880721) (35,69, 0.880721) (23,68, 1.000000) (28,68, 1.000000) (30,67, 0.595007) (14,68, 1.000000) (2,69, 0.880721) (15,69, 0.880721) (8,69, 0.880721) (33,67, 0.595007) (3,67, 0.595007) (31,69, 0.880721) (20,68, 1.000000) (22,67, 0.595007) (4,69, 0.880721) (28,67, 0.595007) (35,67, 0.595007) (18,67, 0.595007) (33,68, 1.000000) (21,67, 0.595007) (26,69, 0.880721) (32,69, 0.880721) (9,69, 0.880721) (7,67, 0.595007) (20,67, 0.595007) (25,69, 0.880721) (13,68, 1.000000) (19,68, 1.000000) (18,68, 1.000000) (24,68, 1.000000) (29,68, 1.000000) (10,67, 0.595007) (28,69, 0.880721) (5,69, 0.880721) (14,69, 0.880721) (11,69, 0.880721) (16,67, 0.595007) (27,67, 0.595007) (19,67, 0.595007) (27,69, 0.880721) (15,68, 1.000000) (6,68, 1.000000) (10,68, 1.000000) (31,68, 1.000000) (9,67, 0.595007) (7,69, 0.880721) (20,69, 0.880721) (25,67, 0.595007) (8,67, 0.595007) (12,68, 1.000000) (34,67, 0.595007) (14,67, 0.595007) (23,67, 0.595007) (9,68, 1.000000) (30,68, 1.000000) (34,68, 1.000000) (25,68, 1.000000) (13,67, 0.595007) (18,69, 0.880721) (24,69, 0.880721) (1,69, 0.880721) (21,69, 0.880721) (29,67, 0.595007) (32,67, 0.595007) (12,67, 0.595007)
o6 38 (36,60, 0.187240) (35,67, 0.991678) (35,55, 0.991678) (36,68, 0.187240) (35,62, 0.991678) (36,57, 0.187240) (35,51, 0.357609) (35,58, 0.991678) (36,52, 0.187240) (36,65, 0.187240) (36,61, 0.187240) (35,66, 0.991678) (35,54, 0.991678) (36,69, 0.025840) (36,58, 0.187240) (35,61, 0.991678) (36,53, 0.187240) (36,66, 0.187240) (36,62, 0.187240) (35,69, 0.136854) (35,57, 0.991678) (35,65, 0.991678) (36,59, 0.187240) (35,53, 0.991678) (35,60, 0.991678) (36,54, 0.187240) (36,67, 0.187240) (36,63, 0.187240) (35,68, 0.991678) (35,56, 0.991678) (36,51, 0.067521) (35,64, 0.991678) (35,52, 0.991678) (35,63, 0.991678) (36,55, 0.187240) (36,56, 0.187240) (35,59, 0.991678) (36,64, 0.187240)
o7 93 (22,57, 0.581137) (14,59, 0.894591) (5,57, 0.581137) (31,57, 0.501342) (12,59, 0.894591) (22,58, 1.000000) (13,58, 1.000000) (4,57, 0.581137) (30,57, 0.581137) (9,57, 0.581137) (20,58, 1.000000) (26,59, 0.894591) (7,58, 1.000000) (21,59, 0.894591) (1,59, 0.894591) (8,57, 0.581137) (15,59, 0.894591) (30,58, 1.000000) (7,57, 0.581137) (11,58, 1.000000) (17,57, 0.581137) (28,58, 1.000000) (29,59, 0.894591) (24,59, 0.894591) (19,59, 0.894591) (10,57, 0.581137) (25,58, 1.000000) (6,57, 0.581137) (16,57, 0.581137) (11,57, 0.581137) (2,59, 0.894591) (10,58, 1.000000) (6,58, 1.000000) (27,59, 0.894591) (18,57, 0.581137) (22,59, 0.894591) (13,57, 0.581137) (4,58, 1.000000) (5,59, 0.894591) (20,59, 0.894591) (21,58, 1.000000) (1,58, 1.000000) (12,57, 0.581137) (18,58, 1.000000) (8,58, 1.000000) (15,58, 1.000000) (30,59, 0.894591) (9,59, 0.894591) (28,59, 0.894591) (23,59, 0.894591) (29,58, 1.000000) (3,59, 0.894591) (15,57, 0.581137) (19,58, 1.000000) (25,57, 0.581137) (16,58, 1.000000) (17,59, 0.894591) (14,57, 0.581137) (24,57, 0.581137) (31,59, 0.771755) (19,57, 0.581137) (10,59, 0.894591) (6,59, 0.894591) (27,58, 1.000000) (4,59, 0.894591) (14,58, 1.000000) (5,58, 1.000000) (26,57, 0.581137) (21,57, 0.581137) (1,57, 0.581137) (12,58, 1.000000) (27,57, 0.581137) (18,59, 0.894591) (13,59, 0.894591) (8,59, 0.894591) (9,58, 1.000000) (20,57, 0.581137) (26,58, 1.000000) (7,59, 0.894591) (23,58, 1.000000) (29,57, 0.581137) (3,58, 1.000000) (16,59, 0.894591) (11,59, 0.894591) (2,57, 0.581137) (17,58, 1.000000) (28,57, 0.581137) (23,57, 0.581137) (3,57, 0.581137) (24,58, 1.000000) (31,58, 0.862691) (25,59, 0.894591) (2,58, 1.000000)
o8 18 (30,59, 0.048026) (30,58, 0.316227) (30,53, 0.316227) (31,59, 0.131019) (30,52, 0.316227) (31,57, 0.862691) (30,55, 0.316227) (31,58, 0.862691) (30,54, 0.316227) (31,52, 0.862691) (31,54, 0.862691) (31,56, 0.862691) (31,55, 0.862691) (31,51, 0.650907) (30,51, 0.238596) (30,57, 0.316227) (31,53, 0.862691) (30,56, 0.316227)
o9 120 (35,22, 0.533981) (40,22, 0.273285) (2,22, 0.533981) (3,24, 0.943135) (8,24, 0.943135) (30,23, 1.000000) (11,22, 0.533981) (16,22, 0.533981) (31,22, 0.533981) (36,22, 0.533981) (17,23, 1.000000) (37,23, 1.000000) (3,23, 1.000000) (14,24, 0.943135) (5,24, 0.943135) (19,24, 0.943135) (10,24, 0.943135) (24,24, 0.943135) (6,23, 1.000000) (36,24, 0.943135) (10,23, 1.000000) (7,22, 0.533981) (12,22, 0.533981) (27,22, 0.533981) (32,22, 0.533981) (13,23, 1.000000) (33,23, 1.000000) (19,23, 1.000000) (21,24, 0.943135) (26,24, 0.943135) (22,23, 1.000000) (26,23, 1.000000) (23,22, 0.533981) (28,22, 0.533981) (29,23, 1.000000) (14,22, 0.533981) (15,23, 1.000000) (40,23, 0.511789) (7,24, 0.943135) (12,24, 0.943135) (2,23, 1.000000) (17,24, 0.943135) (38,24, 0.943135) (16,23, 1.000000) (36,23, 1.000000) (17,22, 0.533981) (38,22, 0.533981) (37,22, 0.533981) (2,24, 0.943135) (23,24, 0.943135) (39,23, 1.000000) (28,24, 0.943135) (33,24, 0.943135) (3,22, 0.533981) (8,22, 0.533981) (9,23, 1.000000) (12,23, 1.000000) (32,23, 1.000000) (13,22, 0.533981) (18,22, 0.533981) (33,22, 0.533981) (4,22, 0.533981) (19,22, 0.533981) (24,22, 0.533981) (5,23, 1.000000) (25,23, 1.000000) (28,23, 1.000000) (29,22, 0.533981) (34,22, 0.533981) (4,24, 0.943135) (9,24, 0.943135) (14,23, 1.000000) (30,24, 0.943135) (35,24, 0.943135) (15,22, 0.533981) (40,24, 0.482686) (20,22, 0.533981) (1,23, 1.000000) (21,23, 1.000000) (15,24, 0.943135) (20,24, 0.943135) (35,23, 1.000000) (25,24, 0.943135) (37,24, 0.943135) (38,23, 1.000000) (39,22, 0.533981) (31,23, 1.000000) (8,23, 1.000000) (9,22, 0.533981) (30,22, 0.533981) (11,23, 1.000000) (6,24, 0.943135) (11,24, 0.943135) (16,24, 0.943135) (18,23, 1.000000) (4,23, 1.000000) (24,23, 1.000000) (6,22, 0.533981) (5,22, 0.533981) (10,22, 0.533981) (25,22, 0.533981) (7,23, 1.000000) (27,23, 1.000000) (1,24, 0.943135) (22,24, 0.943135) (13,24, 0.943135) (27,24, 0.943135) (18,24, 0.943135) (32,24, 0.943135) (39,24, 0.943135) (34,23, 1.000000) (34,24, 0.943135) (20,23, 1.000000) (1,22, 0.533981) (22,22, 0.533981) (21,22, 0.533981) (26,22, 0.533981) (23,23, 1.000000) (29,24, 0.943135) (31,24, 0.943135)
o10 58 (39,46, 0.667129) (40,45, 0.511789) (39,26, 0.667129) (39,33, 0.667129) (40,32, 0.511789) (39,50, 0.667129) (40,41, 0.511789) (40,49, 0.511789) (39,30, 0.667129) (39,37, 0.667129) (40,27, 0.511789) (40,37, 0.511789) (39,41, 0.667129) (40,46, 0.511789) (39,32, 0.667129) (40,23, 0.404746) (40,30, 0.511789) (40,33, 0.511789) (39,45, 0.667129) (40,42, 0.511789) (39,25, 0.667129) (39,36, 0.667129) (39,49, 0.667129) (40,38, 0.511789) (39,29, 0.667129) (39,40, 0.667129) (40,47, 0.511789) (40,50, 0.511789) (39,35, 0.667129) (40,24, 0.511789) (40,34, 0.511789) (39,44, 0.667129) (40,43, 0.511789) (40,28, 0.511789) (39,24, 0.667129) (39,39, 0.667129) (39,48, 0.667129) (40,31, 0.511789) (40,39, 0.511789) (39,28, 0.667129) (39,43, 0.667129) (39,23, 0.527596) (39,34, 0.667129) (40,25, 0.511789) (40,35, 0.511789) (40,48, 0.511789) (39,47, 0.667129) (40,44, 0.511789) (39,27, 0.667129) (39,38, 0.667129) (40,51, 0.045429) (39,51, 0.059218) (40,40, 0.511789) (39,31, 0.667129) (39,42, 0.667129) (40,29, 0.511789) (40,26, 0.511789) (40,36, 0.511789)
o11 132 (41,13, 1.000000) (7,12, 0.520111) (12,12, 0.520111) (25,12, 0.520111) (30,13, 1.000000) (40,13, 1.000000) (37,13, 1.000000) (19,14, 0.957004) (24,14, 0.957004) (43,14, 0.957004) (21,12, 0.520111) (26,12, 0.520111) (9,14, 0.957004) (30,14, 0.957004) (10,13, 1.000000) (33,14, 0.957004) (36,13, 1.000000) (34,13, 1.000000) (19,13, 1.000000) (17,13, 1.000000) (15,14, 0.957004) (20,14, 0.957004) (43,13, 1.000000) (39,14, 0.957004) (3,12, 0.520111) (44,14, 0.801707) (1,12, 0.520111) (8,12, 0.520111) (22,12, 0.520111) (27,12, 0.520111) (32,12, 0.520111) (5,14, 0.957004) (10,14, 0.957004) (6,13, 1.000000) (29,14, 0.957004) (34,14, 0.957004) (16,13, 1.000000) (15,13, 1.000000) (13,13, 1.000000) (39,13, 1.000000) (4,12, 0.520111) (2,12, 0.520111) (23,12, 0.520111) (28,12, 0.520111) (41,12, 0.520111) (6,14, 0.957004) (12,13, 1.000000) (35,14, 0.957004) (40,14, 0.957004) (37,12, 0.520111) (42,12, 0.520111) (25,14, 0.957004) (26,13, 1.000000) (9,13, 1.000000) (35,13, 1.000000) (33,13, 1.000000) (31,14, 0.957004) (36,14, 0.957004) (14,12, 0.520111) (19,12, 0.520111) (17,12, 0.520111) (24,12, 0.520111) (38,12, 0.520111) (43,12, 0.520111) (21,14, 0.957004) (26,14, 0.957004) (8,13, 1.000000) (22,13, 1.000000) (32,13, 1.000000) (5,13, 1.000000) (31,13, 1.000000) (29,13, 1.000000) (11,14, 0.957004) (16,14, 0.957004) (15,12, 0.520111) (13,12, 0.520111) (20,12, 0.520111) (18,12, 0.520111) (39,12, 0.520111) (44,12, 0.435710) (1,14, 0.957004) (22,14, 0.957004) (4,13, 1.000000) (2,13, 1.000000) (28,13, 1.000000) (11,13, 1.000000) (7,14, 0.957004) (12,14, 0.957004) (2,14, 0.957004) (41,14, 0.957004) (42,13, 1.000000) (7,13, 1.000000) (25,13, 1.000000) (9,12, 0.520111) (30,12, 0.520111) (35,12, 0.520111) (33,12, 0.520111) (40,12, 0.520111) (14,13, 1.000000) (37,14, 0.957004) (42,14, 0.957004) (24,13, 1.000000) (38,13, 1.000000) (21,13, 1.000000) (3,14, 0.957004) (8,14, 0.957004) (27,14, 0.957004) (32,14, 0.957004) (5,12, 0.520111) (10,12, 0.520111) (31,12, 0.520111) (29,12, 0.520111) (36,12, 0.520111) (34,12, 0.520111) (14,14, 0.957004) (17,14, 0.957004) (38,14, 0.957004) (20,13, 1.000000) (18,13, 1.000000) (3,13, 1.000000) (44,13, 0.837725) (1,13, 1.000000) (4,14, 0.957004) (27,13, 1.000000) (23,14, 0.957004) (28,14, 0.957004) (6,12, 0.520111) (11,12, 0.520111) (16,12, 0.520111) (13,14, 0.957004) (18,14, 0.957004) (23,13, 1.000000)
o12 76 (43,48, 0.342580) (44,15, 0.837725) (43,17, 0.342580) (44,33, 0.837725) (43,43, 0.342580) (44,26, 0.837725) (43,34, 0.342580) (44,44, 0.837725) (44,19, 0.837725) (43,29, 0.342580) (44,37, 0.837725) (43,20, 0.342580) (44,30, 0.837725) (43,46, 0.342580) (44,48, 0.837725) (43,15, 0.342580) (44,23, 0.837725) (43,25, 0.342580) (44,41, 0.837725) (43,16, 0.342580) (44,34, 0.837725) (43,42, 0.342580) (44,27, 0.837725) (43,37, 0.342580) (44,45, 0.837725) (43,28, 0.342580) (44,38, 0.837725) (43,23, 0.342580) (44,31, 0.837725) (43,33, 0.342580) (44,49, 0.837725) (43,14, 0.342580) (44,16, 0.837725) (43,24, 0.342580) (44,42, 0.837725) (43,50, 0.238048) (43,19, 0.342580) (44,35, 0.837725) (43,45, 0.342580) (44,20, 0.837725) (43,36, 0.342580) (44,46, 0.837725) (44,13, 0.650893) (43,31, 0.342580) (44,39, 0.837725) (43,41, 0.342580) (43,22, 0.342580) (44,24, 0.837725) (43,32, 0.342580) (44,50, 0.582109) (44,17, 0.837725) (43,27, 0.342580) (44,43, 0.837725) (43,18, 0.342580) (44,28, 0.837725) (43,44, 0.342580) (43,13, 0.266176) (44,21, 0.837725) (43,39, 0.342580) (44,47, 0.837725) (43,49, 0.342580) (44,14, 0.837725) (43,30, 0.342580) (44,32, 0.837725) (43,40, 0.342580) (44,25, 0.837725) (43,35, 0.342580) (44,18, 0.837725) (43,26, 0.342580) (44,36, 0.837725) (43,21, 0.342580) (44,29, 0.837725) (43,47, 0.342580) (44,22, 0.837725) (43,38, 0.342580) (44,40, 0.837725)
FIN
