no merge conflict:
o12 10 o2 o3 o4 o5 o6 o7 o8 o9 o10 o11
o11 3 o12 o21 o22
o14 3 o1 o3 o4
o22 2 o1 o11
o5 3 o12 o15 o16
o13 3 o1 o2 o3
o10 3 o12 o20 o21
o19 3 o1 o8 o9
o17 3 o1 o6 o7
o3 3 o12 o13 o14
o18 3 o1 o7 o8
o1 10 o13 o14 o15 o16 o17 o18 o19 o20 o21 o22
o6 3 o12 o16 o17
o15 3 o1 o4 o5
o20 3 o1 o9 o10
o16 3 o1 o5 o6
o4 3 o12 o14 o15
o8 3 o12 o18 o19
o9 3 o12 o19 o20
o7 3 o12 o17 o18
o2 2 o12 o13
o21 3 o1 o10 o11
FIN

no absorption conflict:
o6 1 o1
o11 1 o1
o14 1 o12
o22 1 o12
o13 1 o12
o10 1 o1
o7 1 o1
o17 1 o12
o18 1 o12
o2 1 o1
o15 1 o12
o20 1 o12
o16 1 o12
o9 1 o1
o5 1 o1
o8 1 o1
o3 1 o1
o19 1 o12
o4 1 o1
o21 1 o12
FIN

distance:
o12 o1 4.613000
o11 o16 1.895000
o11 o14 2.668000
o11 o4 2.473000
o11 o17 1.512000
o11 o8 0.934000
o11 o13 3.051000
o11 o10 0.160000
o11 o12 0.011000
o11 o7 1.317000
o11 o6 1.703000
o11 o2 3.246000
o11 o19 0.739000
o11 o9 0.547000
o11 o18 1.125000
o11 o5 2.090000
o14 o16 0.547000
o14 o5 0.355000
o14 o17 0.933000
o14 o8 1.511000
o14 o21 2.476000
o14 o13 0.160000
o14 o10 2.281000
o14 o2 0.355000
o14 o7 1.125000
o14 o6 0.742000
o14 o1 0.012000
o14 o22 2.859000
o14 o9 1.898000
o14 o18 1.320000
o14 o19 1.703000
o22 o16 2.086000
o22 o4 2.664000
o22 o17 1.703000
o22 o8 1.125000
o22 o18 1.316000
o22 o7 1.508000
o22 o6 1.894000
o22 o1 0.012000
o22 o10 0.351000
o5 o17 0.355000
o5 o4 0.160000
o5 o8 0.933000
o5 o18 0.742000
o5 o10 1.703000
o5 o12 0.011000
o5 o7 0.547000
o5 o13 0.738000
o5 o6 0.164000
o5 o22 2.281000
o5 o9 1.320000
o5 o19 1.125000
o13 o16 0.930000
o13 o4 0.351000
o13 o17 1.316000
o13 o8 1.894000
o13 o18 1.703000
o13 o7 1.508000
o13 o6 1.125000
o13 o1 0.012000
o13 o22 3.242000
o13 o10 2.664000
o10 o17 1.125000
o10 o16 1.508000
o10 o8 0.547000
o10 o18 0.738000
o10 o12 0.011000
o10 o7 0.930000
o10 o6 1.316000
o19 o16 0.930000
o19 o6 0.738000
o19 o4 1.508000
o19 o17 0.547000
o19 o22 0.930000
o19 o18 0.160000
o19 o7 0.352000
o19 o13 2.086000
o19 o1 0.012000
o19 o10 0.352000
o17 o1 0.012000
o17 o16 0.160000
o17 o18 0.164000
o17 o8 0.355000
o3 o16 0.739000
o3 o4 0.160000
o3 o17 1.125000
o3 o11 2.860000
o3 o8 1.703000
o3 o21 2.668000
o3 o18 1.512000
o3 o10 2.473000
o3 o12 0.011000
o3 o7 1.317000
o3 o6 0.934000
o3 o2 0.164000
o3 o19 1.895000
o3 o22 3.051000
o3 o9 2.090000
o3 o5 0.547000
o18 o1 0.012000
o18 o16 0.547000
o18 o6 0.355000
o6 o8 0.546000
o6 o7 0.160000
o6 o12 0.011000
o15 o16 0.161000
o15 o17 0.547000
o15 o14 0.164000
o15 o13 0.547000
o15 o10 1.895000
o15 o11 2.282000
o15 o8 1.125000
o15 o21 2.090000
o15 o18 0.934000
o15 o9 1.512000
o15 o2 0.742000
o15 o7 0.739000
o15 o6 0.356000
o15 o1 0.012000
o15 o20 1.704000
o15 o22 2.473000
o15 o3 0.356000
o15 o19 1.317000
o20 o16 1.317000
o20 o14 2.090000
o20 o4 1.895000
o20 o17 0.934000
o20 o11 0.356000
o20 o8 0.356000
o20 o21 0.164000
o20 o13 2.473000
o20 o18 0.547000
o20 o2 2.668000
o20 o7 0.739000
o20 o6 1.125000
o20 o1 0.012000
o20 o19 0.161000
o20 o22 0.547000
o20 o3 2.282000
o20 o5 1.512000
o16 o1 0.012000
o16 o7 0.352000
o4 o16 0.352000
o4 o17 0.738000
o4 o8 1.316000
o4 o18 1.125000
o4 o12 0.011000
o4 o7 0.930000
o4 o6 0.547000
o4 o10 2.086000
o8 o12 0.011000
o8 o7 0.160000
o8 o16 0.738000
o9 o16 1.125000
o9 o4 1.703000
o9 o17 0.742000
o9 o8 0.164000
o9 o18 0.355000
o9 o12 0.011000
o9 o7 0.547000
o9 o13 2.281000
o9 o6 0.933000
o9 o22 0.738000
o9 o10 0.160000
o7 o12 0.011000
o2 o16 1.125000
o2 o4 0.546000
o2 o17 1.511000
o2 o8 2.089000
o2 o18 1.898000
o2 o10 2.859000
o2 o12 0.011000
o2 o7 1.703000
o2 o22 3.437000
o2 o6 1.320000
o2 o19 2.281000
o2 o9 2.476000
o2 o5 0.933000
o21 o16 1.703000
o21 o5 1.898000
o21 o17 1.320000
o21 o8 0.742000
o21 o13 2.859000
o21 o18 0.933000
o21 o2 3.054000
o21 o7 1.125000
o21 o6 1.511000
o21 o1 0.012000
o21 o19 0.547000
o21 o22 0.160000
o21 o9 0.355000
o21 o4 2.281000
FIN
