no merge conflict:
o25 3 o27 o50 o51
o12 3 o27 o37 o38
o32 3 o1 o6 o7
o17 3 o27 o42 o43
o43 3 o1 o17 o18
o29 3 o1 o3 o4
o3 3 o27 o28 o29
o2 2 o27 o28
o24 3 o27 o49 o50
o8 3 o27 o33 o34
o39 3 o1 o13 o14
o9 3 o27 o34 o35
o27 25 o2 o3 o4 o5 o6 o7 o8 o9 o10 o11 o12 o13 o14 o15 o16 o17 o18 o19 o20 o21 o22 o23 o24 o25 o26
o36 3 o1 o10 o11
o31 3 o1 o5 o6
o44 3 o1 o18 o19
o21 3 o27 o46 o47
o5 3 o27 o30 o31
o16 3 o27 o41 o42
o35 3 o1 o9 o10
o47 3 o1 o21 o22
o37 3 o1 o11 o12
o41 3 o1 o15 o16
o46 3 o1 o20 o21
o13 3 o27 o38 o39
o20 3 o27 o45 o46
o45 3 o1 o19 o20
o51 3 o1 o25 o26
o15 3 o27 o40 o41
o52 2 o1 o26
o11 3 o27 o36 o37
o6 3 o27 o31 o32
o28 3 o1 o2 o3
o38 3 o1 o12 o13
o42 3 o1 o16 o17
o4 3 o27 o29 o30
o23 3 o27 o48 o49
o26 3 o27 o51 o52
o7 3 o27 o32 o33
o33 3 o1 o7 o8
o14 3 o27 o39 o40
o49 3 o1 o23 o24
o22 3 o27 o47 o48
o50 3 o1 o24 o25
o48 3 o1 o22 o23
o10 3 o27 o35 o36
o18 3 o27 o43 o44
o19 3 o27 o44 o45
o40 3 o1 o14 o15
o30 3 o1 o4 o5
o34 3 o1 o8 o9
o1 25 o28 o29 o30 o31 o32 o33 o34 o35 o36 o37 o38 o39 o40 o41 o42 o43 o44 o45 o46 o47 o48 o49 o50 o51 o52
FIN

no absorption conflict:
o25 1 o1
o12 1 o1
o32 1 o27
o17 1 o1
o43 1 o27
o29 1 o27
o3 1 o1
o2 1 o1
o24 1 o1
o8 1 o1
o39 1 o27
o9 1 o1
o4 1 o1
o36 1 o27
o31 1 o27
o44 1 o27
o21 1 o1
o5 1 o1
o41 1 o27
o16 1 o1
o35 1 o27
o47 1 o27
o37 1 o27
o46 1 o27
o13 1 o1
o20 1 o1
o45 1 o27
o51 1 o27
o26 1 o1
o52 1 o27
o11 1 o1
o19 1 o1
o28 1 o27
o38 1 o27
o42 1 o27
o23 1 o1
o15 1 o1
o7 1 o1
o33 1 o27
o14 1 o1
o49 1 o27
o22 1 o1
o50 1 o27
o48 1 o27
o10 1 o1
o18 1 o1
o6 1 o1
o40 1 o27
o30 1 o27
o34 1 o27
FIN

distance:
o25 o27 5.000000
o25 o21 565.500000
o25 o45 805.999000
o25 o26 85.500000
o25 o35 2405.999000
o25 o47 485.999000
o25 o34 2565.999000
o12 o17 725.500000
o12 o23 1685.499000
o12 o47 1445.000000
o12 o26 2165.500000
o12 o24 1845.500000
o12 o20 1205.500000
o12 o45 1125.000000
o12 o35 325.999000
o12 o25 2005.500000
o12 o22 1525.500000
o12 o18 885.500000
o12 o21 1365.499000
o12 o19 1045.500000
o12 o16 565.500000
o12 o34 485.999000
o12 o27 5.000000
o32 o12 806.000000
o32 o36 565.500000
o32 o17 1606.000000
o32 o43 1685.501000
o32 o29 405.501000
o32 o3 485.001000
o32 o2 645.001000
o32 o8 166.000000
o32 o24 2726.000000
o32 o25 2886.000000
o32 o48 2485.500000
o32 o31 85.500000
o32 o44 1845.500000
o32 o21 2245.999000
o32 o5 165.001000
o32 o9 326.000000
o32 o35 405.500000
o32 o47 2325.500000
o32 o37 725.500000
o32 o46 2165.500000
o32 o20 2086.000000
o32 o45 2005.500000
o32 o51 2965.501000
o32 o26 3046.000000
o32 o52 3125.500000
o32 o11 646.000000
o32 o6 5.001000
o32 o38 885.500000
o32 o42 1525.500000
o32 o4 325.001000
o32 o23 2565.999000
o32 o7 6.000000
o32 o33 85.501000
o32 o49 2645.500000
o32 o16 1446.000000
o32 o22 2406.000000
o32 o50 2805.500000
o32 o10 486.000000
o32 o18 1766.000000
o32 o19 1926.000000
o32 o30 245.501000
o32 o34 245.500000
o32 o1 5.000000
o17 o23 885.499000
o17 o47 645.000000
o17 o26 1365.500000
o17 o24 1045.500000
o17 o18 85.500000
o17 o45 325.000000
o17 o35 1125.999000
o17 o19 245.500000
o17 o22 725.500000
o17 o34 1285.999000
o17 o20 405.500000
o17 o21 565.499000
o17 o25 1205.500000
o17 o27 5.000000
o43 o12 805.001000
o43 o48 725.499000
o43 o17 5.001000
o43 o3 2245.001000
o43 o2 2405.001000
o43 o8 1445.001000
o43 o24 965.999000
o43 o25 1125.999000
o43 o44 85.499000
o43 o21 485.998000
o43 o5 1925.001000
o43 o9 1285.001000
o43 o35 1205.500000
o43 o47 565.499000
o43 o49 885.499000
o43 o46 405.499000
o43 o20 325.999000
o43 o45 245.499000
o43 o26 1285.999000
o43 o52 1365.499000
o43 o11 965.001000
o43 o6 1765.001000
o43 o50 1045.499000
o43 o4 2085.001000
o43 o23 805.998000
o43 o7 1605.001000
o43 o16 165.001000
o43 o22 645.999000
o43 o10 1125.001000
o43 o18 5.999000
o43 o19 165.999000
o43 o34 1365.500000
o43 o1 5.000000
o29 o12 1286.000000
o29 o36 1045.500000
o29 o17 2086.000000
o29 o43 2165.501000
o29 o3 5.000000
o29 o2 165.000000
o29 o8 646.000000
o29 o24 3206.000000
o29 o25 3366.000000
o29 o48 2965.500000
o29 o31 245.501000
o29 o44 2325.500000
o29 o21 2725.999000
o29 o5 166.000000
o29 o9 806.000000
o29 o35 885.500000
o29 o47 2805.500000
o29 o37 1205.500000
o29 o46 2645.500000
o29 o20 2566.000000
o29 o45 2485.500000
o29 o26 3526.000000
o29 o52 3605.500000
o29 o11 1126.000000
o29 o6 326.000000
o29 o38 1365.500000
o29 o42 2005.500000
o29 o4 6.000000
o29 o23 3045.999000
o29 o7 486.000000
o29 o33 565.501000
o29 o49 3125.500000
o29 o16 1926.000000
o29 o22 2886.000000
o29 o50 3285.500000
o29 o10 966.000000
o29 o18 2246.000000
o29 o19 2406.000000
o29 o30 85.500000
o29 o34 725.500000
o29 o1 5.000000
o3 o12 1365.500000
o3 o17 2165.500000
o3 o8 725.500000
o3 o24 3285.500000
o3 o25 3445.500000
o3 o18 2325.500000
o3 o5 245.500000
o3 o9 885.500000
o3 o35 965.000000
o3 o47 2885.000000
o3 o27 5.000000
o3 o20 2645.500000
o3 o45 2565.000000
o3 o26 3605.500000
o3 o34 805.000000
o3 o6 405.500000
o3 o4 85.500000
o3 o23 3125.499000
o3 o7 565.500000
o3 o16 2005.500000
o3 o22 2965.500000
o3 o10 1045.500000
o3 o21 2805.499000
o3 o19 2485.500000
o3 o11 1205.500000
o2 o12 1525.500000
o2 o17 2325.500000
o2 o3 85.500000
o2 o8 885.500000
o2 o24 3445.500000
o2 o25 3605.500000
o2 o21 2965.499000
o2 o5 405.500000
o2 o9 1045.500000
o2 o35 1125.000000
o2 o47 3045.000000
o2 o27 5.000000
o2 o20 2805.500000
o2 o45 2725.000000
o2 o26 3765.500000
o2 o11 1365.500000
o2 o6 565.500000
o2 o4 245.500000
o2 o23 3285.499000
o2 o7 725.500000
o2 o16 2165.500000
o2 o22 3125.500000
o2 o10 1205.500000
o2 o18 2485.500000
o2 o19 2645.500000
o2 o34 965.000000
o24 o27 5.000000
o24 o21 405.500000
o24 o45 645.999000
o24 o26 245.500000
o24 o34 2405.999000
o24 o47 325.999000
o24 o25 85.500000
o24 o35 2245.999000
o8 o25 2645.500000
o8 o12 565.500000
o8 o23 2325.499000
o8 o47 2085.000000
o8 o17 1365.500000
o8 o24 2485.500000
o8 o18 1525.500000
o8 o45 1765.000000
o8 o35 165.000000
o8 o9 85.500000
o8 o22 2165.500000
o8 o11 405.500000
o8 o27 5.000000
o8 o20 1845.500000
o8 o19 1685.500000
o8 o21 2005.499000
o8 o26 2805.500000
o8 o16 1205.500000
o8 o34 5.000000
o8 o10 245.500000
o39 o25 1765.999000
o39 o12 165.001000
o39 o32 1045.501000
o39 o17 485.999000
o39 o43 565.500000
o39 o29 1525.501000
o39 o3 1605.001000
o39 o2 1765.001000
o39 o24 1605.999000
o39 o8 805.001000
o39 o9 645.001000
o39 o36 405.501000
o39 o31 1205.500000
o39 o44 725.499000
o39 o21 1125.998000
o39 o5 1285.001000
o39 o16 325.999000
o39 o35 565.500000
o39 o47 1205.499000
o39 o37 245.501000
o39 o41 245.500000
o39 o46 1045.499000
o39 o13 5.001000
o39 o20 965.999000
o39 o45 885.499000
o39 o51 1845.500000
o39 o15 165.998000
o39 o52 2005.499000
o39 o11 325.001000
o39 o6 1125.001000
o39 o28 1685.501000
o39 o38 85.501000
o39 o42 405.499000
o39 o4 1445.001000
o39 o23 1445.998000
o39 o26 1925.999000
o39 o7 965.001000
o39 o33 885.500000
o39 o14 5.999000
o39 o49 1525.499000
o39 o22 1285.999000
o39 o50 1685.499000
o39 o48 1365.499000
o39 o10 485.001000
o39 o18 645.999000
o39 o19 805.999000
o39 o30 1365.501000
o39 o34 725.500000
o39 o1 5.000000
o9 o12 405.500000
o9 o23 2165.499000
o9 o47 1925.000000
o9 o17 1205.500000
o9 o24 2325.500000
o9 o18 1365.500000
o9 o45 1605.000000
o9 o35 5.000000
o9 o25 2485.500000
o9 o22 2005.500000
o9 o10 85.500000
o9 o27 5.000000
o9 o20 1685.500000
o9 o19 1525.500000
o9 o21 1845.499000
o9 o26 2645.500000
o9 o16 1045.500000
o9 o34 5.999000
o9 o11 245.500000
o36 o12 166.000000
o36 o48 1845.500000
o36 o17 966.000000
o36 o43 1045.501000
o36 o3 1125.000000
o36 o2 1285.000000
o36 o8 325.000000
o36 o24 2086.000000
o36 o25 2246.000000
o36 o38 245.500000
o36 o44 1205.500000
o36 o21 1605.999000
o36 o5 805.000000
o36 o9 165.000000
o36 o35 85.499000
o36 o47 1685.500000
o36 o37 85.500000
o36 o46 1525.500000
o36 o20 1446.000000
o36 o45 1365.500000
o36 o26 2406.000000
o36 o52 2485.500000
o36 o11 6.000000
o36 o6 645.000000
o36 o50 2165.500000
o36 o42 885.500000
o36 o4 965.000000
o36 o23 1925.999000
o36 o7 485.000000
o36 o49 2005.500000
o36 o16 806.000000
o36 o22 1766.000000
o36 o10 5.000000
o36 o18 1126.000000
o36 o19 1286.000000
o36 o34 245.499000
o36 o1 5.000000
o31 o12 965.999000
o31 o36 725.499000
o31 o17 1765.999000
o31 o43 1845.500000
o31 o3 325.001000
o31 o2 485.001000
o31 o8 325.999000
o31 o24 2885.999000
o31 o25 3045.999000
o31 o48 2645.499000
o31 o38 1045.499000
o31 o44 2005.499000
o31 o21 2405.998000
o31 o5 5.001000
o31 o9 485.999000
o31 o35 565.499000
o31 o47 2485.499000
o31 o37 885.499000
o31 o46 2325.499000
o31 o20 2245.999000
o31 o45 2165.499000
o31 o26 3205.999000
o31 o52 3285.499000
o31 o11 805.999000
o31 o6 5.999000
o31 o50 2965.499000
o31 o42 1685.499000
o31 o4 165.001000
o31 o23 2725.998000
o31 o7 165.999000
o31 o33 245.500000
o31 o49 2805.499000
o31 o16 1605.999000
o31 o22 2565.999000
o31 o10 645.999000
o31 o18 1925.999000
o31 o19 2085.999000
o31 o34 405.499000
o31 o1 5.000000
o44 o12 965.000000
o44 o48 565.500000
o44 o17 165.000000
o44 o3 2405.000000
o44 o2 2565.000000
o44 o8 1605.000000
o44 o24 806.000000
o44 o25 966.000000
o44 o21 325.999000
o44 o5 2085.000000
o44 o9 1445.000000
o44 o35 1365.499000
o44 o47 405.500000
o44 o49 725.500000
o44 o46 245.500000
o44 o20 166.000000
o44 o45 85.500000
o44 o26 1126.000000
o44 o52 1205.500000
o44 o11 1125.000000
o44 o6 1925.000000
o44 o50 885.500000
o44 o4 2245.000000
o44 o23 645.999000
o44 o7 1765.000000
o44 o16 325.000000
o44 o22 486.000000
o44 o10 1285.000000
o44 o18 5.000000
o44 o19 6.000000
o44 o34 1525.499000
o44 o1 5.000000
o21 o45 165.998000
o21 o47 5.000000
o21 o27 5.000000
o21 o35 1765.998000
o21 o34 1925.998000
o5 o12 1045.500000
o5 o17 1845.500000
o5 o8 405.500000
o5 o24 2965.500000
o5 o9 565.500000
o5 o25 3125.500000
o5 o18 2005.500000
o5 o16 1685.500000
o5 o35 645.000000
o5 o47 2565.000000
o5 o27 5.000000
o5 o20 2325.500000
o5 o45 2245.000000
o5 o26 3285.500000
o5 o34 485.000000
o5 o6 85.500000
o5 o23 2805.499000
o5 o7 245.500000
o5 o22 2645.500000
o5 o10 725.500000
o5 o21 2485.499000
o5 o19 2165.500000
o5 o11 885.500000
o16 o17 85.500000
o16 o23 1045.499000
o16 o47 805.000000
o16 o26 1525.500000
o16 o24 1205.500000
o16 o20 565.500000
o16 o45 485.000000
o16 o35 965.999000
o16 o22 885.500000
o16 o18 245.500000
o16 o21 725.499000
o16 o19 405.500000
o16 o25 1365.500000
o16 o34 1125.999000
o16 o27 5.000000
o35 o47 1845.499000
o35 o1 5.000000
o35 o45 1525.499000
o47 o1 5.000000
o37 o12 6.000000
o37 o48 1685.500000
o37 o17 806.000000
o37 o43 885.501000
o37 o3 1285.000000
o37 o2 1445.000000
o37 o8 485.000000
o37 o24 1926.000000
o37 o25 2086.000000
o37 o38 85.500000
o37 o44 1045.500000
o37 o21 1445.999000
o37 o5 965.000000
o37 o9 325.000000
o37 o35 245.499000
o37 o47 1525.500000
o37 o49 1845.500000
o37 o46 1365.500000
o37 o20 1286.000000
o37 o45 1205.500000
o37 o26 2246.000000
o37 o52 2325.500000
o37 o11 5.000000
o37 o6 805.000000
o37 o50 2005.500000
o37 o42 725.500000
o37 o4 1125.000000
o37 o23 1765.999000
o37 o7 645.000000
o37 o16 646.000000
o37 o22 1606.000000
o37 o10 165.000000
o37 o18 966.000000
o37 o19 1126.000000
o37 o34 405.499000
o37 o1 5.000000
o41 o25 1445.999000
o41 o12 485.001000
o41 o32 1365.501000
o41 o17 165.999000
o41 o43 245.500000
o41 o29 1845.501000
o41 o3 1925.001000
o41 o2 2085.001000
o41 o24 1285.999000
o41 o8 1125.001000
o41 o9 965.001000
o41 o36 725.501000
o41 o31 1525.500000
o41 o44 405.499000
o41 o21 805.998000
o41 o5 1605.001000
o41 o16 5.999000
o41 o35 885.500000
o41 o47 885.499000
o41 o37 565.501000
o41 o46 725.499000
o41 o13 325.001000
o41 o20 645.999000
o41 o45 565.499000
o41 o51 1525.500000
o41 o15 5.002000
o41 o52 1685.499000
o41 o11 645.001000
o41 o6 1445.001000
o41 o28 2005.501000
o41 o38 405.501000
o41 o42 85.499000
o41 o4 1765.001000
o41 o23 1125.998000
o41 o26 1605.999000
o41 o7 1285.001000
o41 o33 1205.500000
o41 o14 165.001000
o41 o49 1205.499000
o41 o22 965.999000
o41 o50 1365.499000
o41 o48 1045.499000
o41 o10 805.001000
o41 o18 325.999000
o41 o19 485.999000
o41 o30 1685.501000
o41 o34 1045.500000
o41 o1 5.000000
o46 o12 1285.000000
o46 o48 245.500000
o46 o17 485.000000
o46 o3 2725.000000
o46 o2 2885.000000
o46 o8 1925.000000
o46 o24 486.000000
o46 o25 646.000000
o46 o21 5.999000
o46 o5 2405.000000
o46 o9 1765.000000
o46 o35 1685.499000
o46 o47 85.500000
o46 o49 405.500000
o46 o52 885.500000
o46 o20 5.000000
o46 o45 85.499000
o46 o26 806.000000
o46 o11 1445.000000
o46 o6 2245.000000
o46 o50 565.500000
o46 o4 2565.000000
o46 o23 325.999000
o46 o7 2085.000000
o46 o16 645.000000
o46 o22 166.000000
o46 o10 1605.000000
o46 o18 325.000000
o46 o19 165.000000
o46 o34 1845.499000
o46 o1 5.000000
o13 o12 85.499000
o13 o32 965.999000
o13 o17 565.500000
o13 o43 645.001000
o13 o29 1445.999000
o13 o3 1525.499000
o13 o2 1685.499000
o13 o8 725.499000
o13 o24 1685.500000
o13 o25 1845.500000
o13 o36 325.999000
o13 o31 1125.998000
o13 o44 805.000000
o13 o21 1205.499000
o13 o5 1205.499000
o13 o9 565.499000
o13 o35 485.998000
o13 o47 1285.000000
o13 o37 165.999000
o13 o46 1125.000000
o13 o27 5.000000
o13 o20 1045.500000
o13 o45 965.000000
o13 o51 1925.001000
o13 o26 2005.500000
o13 o52 2085.000000
o13 o11 245.499000
o13 o6 1045.499000
o13 o28 1605.999000
o13 o38 5.999000
o13 o42 485.000000
o13 o4 1365.499000
o13 o23 1525.499000
o13 o7 885.499000
o13 o33 805.998000
o13 o49 1605.000000
o13 o16 405.500000
o13 o22 1365.500000
o13 o50 1765.000000
o13 o48 1445.000000
o13 o10 405.499000
o13 o18 725.500000
o13 o19 885.500000
o13 o30 1285.999000
o13 o34 645.998000
o20 o23 405.499000
o20 o22 245.500000
o20 o21 85.499000
o20 o45 5.999000
o20 o35 1605.999000
o20 o26 885.500000
o20 o34 1765.999000
o20 o47 165.000000
o20 o24 565.500000
o20 o25 725.500000
o20 o27 5.000000
o45 o47 245.499000
o45 o1 5.000000
o51 o12 2085.001000
o51 o36 2325.501000
o51 o17 1285.001000
o51 o43 1205.500000
o51 o29 3445.501000
o51 o3 3525.001000
o51 o2 3685.001000
o51 o8 2725.001000
o51 o24 165.001000
o51 o25 5.001000
o51 o48 405.501000
o51 o31 3125.500000
o51 o44 1045.501000
o51 o21 645.001000
o51 o5 3205.001000
o51 o9 2565.001000
o51 o35 2485.500000
o51 o47 565.500000
o51 o37 2165.501000
o51 o46 725.501000
o51 o20 805.001000
o51 o45 885.500000
o51 o26 6.000000
o51 o52 85.500000
o51 o11 2245.001000
o51 o6 3045.001000
o51 o38 2005.501000
o51 o42 1365.501000
o51 o4 3365.001000
o51 o23 325.002000
o51 o7 2885.001000
o51 o33 2805.500000
o51 o49 245.501000
o51 o16 1445.001000
o51 o22 485.001000
o51 o50 85.501000
o51 o10 2405.001000
o51 o18 1125.001000
o51 o19 965.001000
o51 o30 3285.501000
o51 o34 2645.500000
o51 o1 5.000000
o15 o12 405.499000
o15 o32 1285.999000
o15 o17 245.501000
o15 o43 325.002000
o15 o29 1765.999000
o15 o3 1845.499000
o15 o2 2005.499000
o15 o8 1045.499000
o15 o24 1365.501000
o15 o25 1525.501000
o15 o27 5.000000
o15 o36 645.999000
o15 o31 1445.998000
o15 o44 485.001000
o15 o21 885.500000
o15 o5 1525.499000
o15 o9 885.499000
o15 o35 805.998000
o15 o47 965.001000
o15 o37 485.999000
o15 o46 805.001000
o15 o13 245.499000
o15 o20 725.501000
o15 o45 645.001000
o15 o51 1605.002000
o15 o26 1685.501000
o15 o52 1765.001000
o15 o11 565.499000
o15 o6 1365.499000
o15 o28 1925.999000
o15 o38 325.999000
o15 o42 165.001000
o15 o4 1685.499000
o15 o23 1205.500000
o15 o7 1205.499000
o15 o33 1125.998000
o15 o49 1285.001000
o15 o16 85.501000
o15 o22 1045.501000
o15 o50 1445.001000
o15 o48 1125.001000
o15 o10 725.499000
o15 o18 405.501000
o15 o19 565.501000
o15 o30 1605.999000
o15 o34 965.998000
o52 o12 2245.000000
o52 o17 1445.000000
o52 o3 3685.000000
o52 o2 3845.000000
o52 o8 2885.000000
o52 o24 325.000000
o52 o25 165.000000
o52 o21 805.000000
o52 o5 3365.000000
o52 o9 2725.000000
o52 o35 2645.499000
o52 o47 725.499000
o52 o20 965.000000
o52 o45 1045.499000
o52 o26 5.000000
o52 o11 2405.000000
o52 o6 3205.000000
o52 o4 3525.000000
o52 o23 485.001000
o52 o7 3045.000000
o52 o16 1605.000000
o52 o22 645.000000
o52 o10 2565.000000
o52 o18 1285.000000
o52 o19 1125.000000
o52 o34 2805.499000
o52 o1 5.000000
o11 o12 85.500000
o11 o23 1845.499000
o11 o47 1605.000000
o11 o17 885.500000
o11 o24 2005.500000
o11 o20 1365.500000
o11 o45 1285.000000
o11 o35 165.999000
o11 o25 2165.500000
o11 o22 1685.500000
o11 o34 325.999000
o11 o18 1045.500000
o11 o19 1205.500000
o11 o21 1525.499000
o11 o26 2325.500000
o11 o16 725.500000
o11 o27 5.000000
o6 o12 885.500000
o6 o17 1685.500000
o6 o8 245.500000
o6 o24 2805.500000
o6 o9 405.500000
o6 o25 2965.500000
o6 o21 2325.499000
o6 o16 1525.500000
o6 o35 485.000000
o6 o20 2165.500000
o6 o27 5.000000
o6 o47 2405.000000
o6 o45 2085.000000
o6 o26 3125.500000
o6 o34 325.000000
o6 o23 2645.499000
o6 o7 85.500000
o6 o22 2485.500000
o6 o10 565.500000
o6 o18 1845.500000
o6 o19 2005.500000
o6 o11 725.500000
o28 o12 1446.000000
o28 o32 565.501000
o28 o17 2246.000000
o28 o43 2325.501000
o28 o29 85.500000
o28 o3 6.000000
o28 o2 5.001000
o28 o8 806.000000
o28 o24 3366.000000
o28 o25 3526.000000
o28 o36 1205.500000
o28 o31 405.501000
o28 o44 2485.500000
o28 o21 2885.999000
o28 o5 326.000000
o28 o9 966.000000
o28 o35 1045.500000
o28 o47 2965.500000
o28 o37 1365.500000
o28 o46 2805.500000
o28 o20 2726.000000
o28 o45 2645.500000
o28 o51 3605.501000
o28 o26 3686.000000
o28 o52 3765.500000
o28 o11 1286.000000
o28 o6 486.000000
o28 o38 1525.500000
o28 o42 2165.500000
o28 o4 166.000000
o28 o23 3205.999000
o28 o7 646.000000
o28 o33 725.501000
o28 o49 3285.500000
o28 o16 2086.000000
o28 o22 3046.000000
o28 o50 3445.500000
o28 o48 3125.500000
o28 o10 1126.000000
o28 o18 2406.000000
o28 o19 2566.000000
o28 o30 245.500000
o28 o34 885.500000
o28 o1 5.000000
o38 o12 5.000000
o38 o48 1525.500000
o38 o17 646.000000
o38 o43 725.501000
o38 o3 1445.000000
o38 o2 1605.000000
o38 o8 645.000000
o38 o24 1766.000000
o38 o25 1926.000000
o38 o44 885.500000
o38 o21 1285.999000
o38 o5 1125.000000
o38 o9 485.000000
o38 o35 405.499000
o38 o47 1365.500000
o38 o49 1685.500000
o38 o46 1205.500000
o38 o20 1126.000000
o38 o45 1045.500000
o38 o26 2086.000000
o38 o52 2165.500000
o38 o11 165.000000
o38 o6 965.000000
o38 o50 1845.500000
o38 o42 565.500000
o38 o4 1285.000000
o38 o23 1605.999000
o38 o7 805.000000
o38 o16 486.000000
o38 o22 1446.000000
o38 o10 325.000000
o38 o18 806.000000
o38 o19 966.000000
o38 o34 565.499000
o38 o1 5.000000
o42 o12 645.000000
o42 o48 885.500000
o42 o17 6.000000
o42 o43 85.501000
o42 o3 2085.000000
o42 o2 2245.000000
o42 o8 1285.000000
o42 o24 1126.000000
o42 o25 1286.000000
o42 o44 245.500000
o42 o21 645.999000
o42 o5 1765.000000
o42 o9 1125.000000
o42 o35 1045.499000
o42 o47 725.500000
o42 o49 1045.500000
o42 o46 565.500000
o42 o20 486.000000
o42 o45 405.500000
o42 o26 1446.000000
o42 o52 1525.500000
o42 o11 805.000000
o42 o6 1605.000000
o42 o50 1205.500000
o42 o4 1925.000000
o42 o23 965.999000
o42 o7 1445.000000
o42 o16 5.000000
o42 o22 806.000000
o42 o10 965.000000
o42 o18 166.000000
o42 o19 326.000000
o42 o34 1205.499000
o42 o1 5.000000
o4 o12 1205.500000
o4 o17 2005.500000
o4 o8 565.500000
o4 o24 3125.500000
o4 o9 725.500000
o4 o25 3285.500000
o4 o18 2165.500000
o4 o5 85.500000
o4 o16 1845.500000
o4 o35 805.000000
o4 o47 2725.000000
o4 o27 5.000000
o4 o20 2485.500000
o4 o45 2405.000000
o4 o26 3445.500000
o4 o34 645.000000
o4 o6 245.500000
o4 o23 2965.499000
o4 o7 405.500000
o4 o22 2805.500000
o4 o10 885.500000
o4 o21 2645.499000
o4 o19 2325.500000
o4 o11 1045.500000
o23 o27 5.000000
o23 o21 245.499000
o23 o45 485.998000
o23 o26 405.501000
o23 o34 2245.998000
o23 o47 165.998000
o23 o24 85.501000
o23 o25 245.501000
o23 o35 2085.998000
o26 o27 5.000000
o26 o21 725.500000
o26 o45 965.999000
o26 o35 2565.999000
o26 o47 645.999000
o26 o34 2725.999000
o7 o25 2805.500000
o7 o12 725.500000
o7 o23 2485.499000
o7 o47 2245.000000
o7 o17 1525.500000
o7 o24 2645.500000
o7 o18 1685.500000
o7 o22 2325.500000
o7 o45 1925.000000
o7 o35 325.000000
o7 o16 1365.500000
o7 o21 2165.499000
o7 o11 565.500000
o7 o27 5.000000
o7 o19 1845.500000
o7 o8 85.500000
o7 o20 2005.500000
o7 o26 2965.500000
o7 o9 245.500000
o7 o34 165.000000
o7 o10 405.500000
o33 o12 645.999000
o33 o36 405.499000
o33 o17 1445.999000
o33 o43 1525.500000
o33 o3 645.001000
o33 o2 805.001000
o33 o8 5.999000
o33 o24 2565.999000
o33 o25 2725.999000
o33 o48 2325.499000
o33 o38 725.499000
o33 o44 1685.499000
o33 o21 2085.998000
o33 o5 325.001000
o33 o9 165.999000
o33 o35 245.499000
o33 o47 2165.499000
o33 o37 565.499000
o33 o46 2005.499000
o33 o20 1925.999000
o33 o45 1845.499000
o33 o26 2885.999000
o33 o52 2965.499000
o33 o11 485.999000
o33 o6 165.001000
o33 o50 2645.499000
o33 o42 1365.499000
o33 o4 485.001000
o33 o23 2405.998000
o33 o7 5.001000
o33 o49 2485.499000
o33 o16 1285.999000
o33 o22 2245.999000
o33 o10 325.999000
o33 o18 1605.999000
o33 o19 1765.999000
o33 o34 85.499000
o33 o1 5.000000
o14 o25 1685.500000
o14 o12 245.500000
o14 o32 1126.000000
o14 o17 405.500000
o14 o43 485.001000
o14 o29 1606.000000
o14 o3 1685.500000
o14 o2 1845.500000
o14 o8 885.500000
o14 o24 1525.500000
o14 o9 725.500000
o14 o27 5.000000
o14 o36 486.000000
o14 o31 1285.999000
o14 o44 645.000000
o14 o21 1045.499000
o14 o5 1365.500000
o14 o16 245.500000
o14 o35 645.999000
o14 o47 1125.000000
o14 o37 326.000000
o14 o46 965.000000
o14 o13 85.500000
o14 o20 885.500000
o14 o45 805.000000
o14 o51 1765.001000
o14 o15 85.499000
o14 o52 1925.000000
o14 o11 405.500000
o14 o6 1205.500000
o14 o28 1766.000000
o14 o38 166.000000
o14 o42 325.000000
o14 o4 1525.500000
o14 o23 1365.499000
o14 o26 1845.500000
o14 o7 1045.500000
o14 o33 965.999000
o14 o49 1445.000000
o14 o22 1205.500000
o14 o50 1605.000000
o14 o48 1285.000000
o14 o10 565.500000
o14 o18 565.500000
o14 o19 725.500000
o14 o30 1446.000000
o14 o34 805.999000
o49 o12 1765.000000
o49 o17 965.000000
o49 o3 3205.000000
o49 o2 3365.000000
o49 o8 2405.000000
o49 o24 6.000000
o49 o25 166.000000
o49 o21 325.000000
o49 o5 2885.000000
o49 o9 2245.000000
o49 o35 2165.499000
o49 o47 245.499000
o49 o52 405.500000
o49 o20 485.000000
o49 o45 565.499000
o49 o26 326.000000
o49 o11 1925.000000
o49 o6 2725.000000
o49 o50 85.500000
o49 o4 3045.000000
o49 o23 5.001000
o49 o7 2565.000000
o49 o16 1125.000000
o49 o22 165.000000
o49 o10 2085.000000
o49 o18 805.000000
o49 o19 645.000000
o49 o34 2325.499000
o49 o1 5.000000
o22 o23 85.499000
o22 o21 85.500000
o22 o45 325.999000
o22 o35 1925.999000
o22 o26 565.500000
o22 o34 2085.999000
o22 o47 5.999000
o22 o24 245.500000
o22 o25 405.500000
o22 o27 5.000000
o50 o12 1925.000000
o50 o17 1125.000000
o50 o3 3365.000000
o50 o2 3525.000000
o50 o8 2565.000000
o50 o24 5.000000
o50 o25 6.000000
o50 o21 485.000000
o50 o5 3045.000000
o50 o9 2405.000000
o50 o35 2325.499000
o50 o47 405.499000
o50 o52 245.500000
o50 o20 645.000000
o50 o45 725.499000
o50 o26 166.000000
o50 o11 2085.000000
o50 o6 2885.000000
o50 o4 3205.000000
o50 o23 165.001000
o50 o7 2725.000000
o50 o16 1285.000000
o50 o22 325.000000
o50 o10 2245.000000
o50 o18 965.000000
o50 o19 805.000000
o50 o34 2485.499000
o50 o1 5.000000
o48 o12 1605.000000
o48 o17 805.000000
o48 o3 3045.000000
o48 o2 3205.000000
o48 o8 2245.000000
o48 o24 166.000000
o48 o25 326.000000
o48 o21 165.000000
o48 o5 2725.000000
o48 o9 2085.000000
o48 o35 2005.499000
o48 o47 85.499000
o48 o49 85.500000
o48 o52 565.500000
o48 o20 325.000000
o48 o45 405.499000
o48 o26 486.000000
o48 o11 1765.000000
o48 o6 2565.000000
o48 o50 245.500000
o48 o4 2885.000000
o48 o23 5.999000
o48 o7 2405.000000
o48 o16 965.000000
o48 o22 5.000000
o48 o10 1925.000000
o48 o18 645.000000
o48 o19 485.000000
o48 o34 2165.499000
o48 o1 5.000000
o10 o17 1045.500000
o10 o23 2005.499000
o10 o47 1765.000000
o10 o12 245.500000
o10 o24 2165.500000
o10 o18 1205.500000
o10 o45 1445.000000
o10 o35 5.999000
o10 o25 2325.500000
o10 o22 1845.500000
o10 o11 85.500000
o10 o20 1525.500000
o10 o19 1365.500000
o10 o21 1685.499000
o10 o26 2485.500000
o10 o16 885.500000
o10 o34 165.999000
o10 o27 5.000000
o18 o23 725.499000
o18 o47 485.000000
o18 o26 1205.500000
o18 o21 405.499000
o18 o45 165.000000
o18 o35 1285.999000
o18 o22 565.500000
o18 o34 1445.999000
o18 o19 85.500000
o18 o24 885.500000
o18 o20 245.500000
o18 o25 1045.500000
o18 o27 5.000000
o19 o23 565.499000
o19 o47 325.000000
o19 o26 1045.500000
o19 o20 85.500000
o19 o45 5.000000
o19 o35 1445.999000
o19 o22 405.500000
o19 o34 1605.999000
o19 o21 245.499000
o19 o24 725.500000
o19 o25 885.500000
o19 o27 5.000000
o40 o25 1606.000000
o40 o12 325.001000
o40 o32 1205.501000
o40 o17 326.000000
o40 o43 405.501000
o40 o29 1685.501000
o40 o3 1765.001000
o40 o2 1925.001000
o40 o24 1446.000000
o40 o8 965.001000
o40 o39 85.500000
o40 o9 805.001000
o40 o36 565.501000
o40 o31 1365.500000
o40 o44 565.500000
o40 o21 965.999000
o40 o5 1445.001000
o40 o16 166.000000
o40 o35 725.500000
o40 o47 1045.500000
o40 o37 405.501000
o40 o41 85.501000
o40 o46 885.500000
o40 o13 165.001000
o40 o20 806.000000
o40 o45 725.500000
o40 o51 1685.501000
o40 o15 5.999000
o40 o52 1845.500000
o40 o11 485.001000
o40 o6 1285.001000
o40 o28 1845.501000
o40 o38 245.501000
o40 o42 245.500000
o40 o4 1605.001000
o40 o23 1285.999000
o40 o26 1766.000000
o40 o7 1125.001000
o40 o33 1045.500000
o40 o14 5.001000
o40 o49 1365.500000
o40 o22 1126.000000
o40 o50 1525.500000
o40 o48 1205.500000
o40 o10 645.001000
o40 o18 486.000000
o40 o19 646.000000
o40 o30 1525.501000
o40 o34 885.500000
o40 o1 5.000000
o30 o12 1126.000000
o30 o36 885.500000
o30 o17 1926.000000
o30 o43 2005.501000
o30 o3 165.000000
o30 o2 325.000000
o30 o8 486.000000
o30 o24 3046.000000
o30 o25 3206.000000
o30 o48 2805.500000
o30 o31 85.501000
o30 o44 2165.500000
o30 o21 2565.999000
o30 o5 6.000000
o30 o9 646.000000
o30 o35 725.500000
o30 o47 2645.500000
o30 o37 1045.500000
o30 o46 2485.500000
o30 o20 2406.000000
o30 o45 2325.500000
o30 o26 3366.000000
o30 o52 3445.500000
o30 o11 966.000000
o30 o6 166.000000
o30 o38 1205.500000
o30 o42 1845.500000
o30 o4 5.000000
o30 o23 2885.999000
o30 o7 326.000000
o30 o33 405.501000
o30 o49 2965.500000
o30 o16 1766.000000
o30 o22 2726.000000
o30 o50 3125.500000
o30 o10 806.000000
o30 o18 2086.000000
o30 o19 2246.000000
o30 o34 565.500000
o30 o1 5.000000
o34 o47 2005.499000
o34 o1 5.000000
o34 o45 1685.499000
o34 o35 85.499000
o1 o27 3004.500000
FIN
